Component: ARM Compiler 5.06 update 7 (build 960) Tool: armlink [4d3601]

==============================================================================

Section Cross References

    startup_lpc17xx.o(STACK) refers (Special) to heapauxi.o(.text) for __use_two_region_memory
    startup_lpc17xx.o(HEAP) refers (Special) to heapauxi.o(.text) for __use_two_region_memory
    startup_lpc17xx.o(RESET) refers (Special) to heapauxi.o(.text) for __use_two_region_memory
    startup_lpc17xx.o(RESET) refers to startup_lpc17xx.o(STACK) for __initial_sp
    startup_lpc17xx.o(RESET) refers to startup_lpc17xx.o(.text) for Reset_Handler
    startup_lpc17xx.o(RESET) refers to irq_timer.o(.text) for TIMER0_IRQHandler
    startup_lpc17xx.o(RESET) refers to irq_adc.o(.text) for ADC_IRQHandler
    startup_lpc17xx.o(RESET) refers to irq_rit.o(.text) for RIT_IRQHandler
    startup_lpc17xx.o(.ARM.__at_0x02FC) refers (Special) to heapauxi.o(.text) for __use_two_region_memory
    startup_lpc17xx.o(.text) refers (Special) to heapauxi.o(.text) for __use_two_region_memory
    startup_lpc17xx.o(.text) refers to __main.o(!!!main) for __main
    startup_lpc17xx.o(.text) refers to startup_lpc17xx.o(HEAP) for Heap_Mem
    startup_lpc17xx.o(.text) refers to startup_lpc17xx.o(STACK) for Stack_Mem
    sample.o(.text) refers to system_lpc17xx.o(.text) for SystemInit
    sample.o(.text) refers to glcd.o(.text) for LCD_Initialization
    sample.o(.text) refers to touchpanel.o(.text) for TP_Init
    sample.o(.text) refers to lib_joystick.o(.text) for joystick_init
    sample.o(.text) refers to lib_rit.o(.text) for init_RIT
    sample.o(.text) refers to lib_timer.o(.text) for init_timer
    sample.o(.text) refers to irq_rit.o(.text) for Resetter
    sample.o(.text) refers to lib_adc.o(.text) for ADC_init
    system_lpc17xx.o(.text) refers to system_lpc17xx.o(.data) for .data
    irq_timer.o(.text) refers to touchpanel.o(.text) for Read_Ads7846
    irq_timer.o(.text) refers to lib_timer.o(.text) for enable_timer
    irq_timer.o(.text) refers to music.o(.text) for PlaySong
    irq_timer.o(.text) refers to glcd.o(.text) for LCD_DrawCuddles
    irq_timer.o(.text) refers to touchpanel.o(.bss) for matrix
    irq_timer.o(.text) refers to touchpanel.o(.data) for display
    irq_timer.o(.text) refers to irq_timer.o(.data) for .data
    irq_timer.o(.text) refers to irq_rit.o(.data) for other_timer
    asciilib.o(.text) refers to rt_memcpy_v6.o(.text) for __aeabi_memcpy
    asciilib.o(.text) refers to asciilib.o(.constdata) for .constdata
    glcd.o(.text) refers to glcd.o(.data) for .data
    glcd.o(.text) refers to asciilib.o(.text) for GetASCIICode
    hzlib.o(.text) refers to rt_memcpy_v6.o(.text) for __aeabi_memcpy
    hzlib.o(.text) refers to hzlib.o(.constdata) for .constdata
    touchpanel.o(.text) refers to glcd.o(.text) for LCD_SetPoint
    touchpanel.o(.text) refers to rt_memclr_w.o(.text) for __aeabi_memclr4
    touchpanel.o(.text) refers to dflt_clz.o(x$fpl$dflt) for __aeabi_i2d
    touchpanel.o(.text) refers to deqf.o(x$fpl$deqf) for __aeabi_cdcmpeq
    touchpanel.o(.text) refers to dflt_clz.o(x$fpl$dfltu) for __aeabi_ui2d
    touchpanel.o(.text) refers to dmul.o(x$fpl$dmul) for __aeabi_dmul
    touchpanel.o(.text) refers to daddsub_clz.o(x$fpl$dadd) for __aeabi_dadd
    touchpanel.o(.text) refers to ddiv.o(x$fpl$ddiv) for __aeabi_ddiv
    touchpanel.o(.text) refers to dfixu.o(x$fpl$dfixu) for __aeabi_d2uiz
    touchpanel.o(.text) refers to touchpanel.o(.data) for .data
    touchpanel.o(.text) refers to touchpanel.o(.bss) for .bss
    irq_rit.o(.text) refers to _printf_pad.o(.text) for _printf_pre_padding
    irq_rit.o(.text) refers to _printf_percent.o(.ARM.Collect$$_printf_percent$$00000000) for _printf_percent
    irq_rit.o(.text) refers to _printf_d.o(.ARM.Collect$$_printf_percent$$00000009) for _printf_d
    irq_rit.o(.text) refers to _printf_dec.o(.text) for _printf_int_dec
    irq_rit.o(.text) refers to lib_rit.o(.text) for disable_RIT
    irq_rit.o(.text) refers to lib_timer.o(.text) for disable_timer
    irq_rit.o(.text) refers to glcd.o(.text) for LCD_Clear
    irq_rit.o(.text) refers to noretval__2sprintf.o(.text) for __2sprintf
    irq_rit.o(.text) refers to lib_adc.o(.text) for ADC_start_conversion
    irq_rit.o(.text) refers to music.o(.text) for PlaySong
    irq_rit.o(.text) refers to irq_rit.o(.data) for .data
    irq_rit.o(.text) refers to irq_rit.o(.bss) for .bss
    irq_adc.o(.text) refers to glcd.o(.text) for LCD_DrawVolume
    irq_adc.o(.text) refers to irq_adc.o(.data) for .data
    irq_adc.o(.text) refers to irq_adc.o(.constdata) for .constdata
    irq_adc.o(.text) refers to irq_timer.o(.data) for volume_scaler
    music.o(.text) refers to lib_timer.o(.text) for reset_timer
    music.o(.text) refers to irq_rit.o(.data) for songbg_counter
    __2sprintf.o(.text) refers to _printf_char_common.o(.text) for _printf_char_common
[...]
    deqf.o(x$fpl$deqf) refers to dcmpi.o(x$fpl$dcmpinf) for __fpl_dcmp_Inf
    dfixu.o(x$fpl$dfixu) refers (Special) to usenofp.o(x$fpl$usenofp) for __I$use$fp
    dfixu.o(x$fpl$dfixu) refers to dnaninf.o(x$fpl$dnaninf) for __fpl_dnaninf
    dfixu.o(x$fpl$dfixur) refers (Special) to usenofp.o(x$fpl$usenofp) for __I$use$fp
    dfixu.o(x$fpl$dfixur) refers to dnaninf.o(x$fpl$dnaninf) for __fpl_dnaninf
    dflt_clz.o(x$fpl$dfltu) refers (Special) to usenofp.o(x$fpl$usenofp) for __I$use$fp
    dflt_clz.o(x$fpl$dflt) refers (Special) to usenofp.o(x$fpl$usenofp) for __I$use$fp
    dflt_clz.o(x$fpl$dfltn) refers (Special) to usenofp.o(x$fpl$usenofp) for __I$use$fp
    dmul.o(x$fpl$dmul) refers (Special) to usenofp.o(x$fpl$usenofp) for __I$use$fp
    dmul.o(x$fpl$dmul) refers to dretinf.o(x$fpl$dretinf) for __fpl_dretinf
    dmul.o(x$fpl$dmul) refers to dnaninf.o(x$fpl$dnaninf) for __fpl_dnaninf
    __rtentry.o(.ARM.Collect$$rtentry$$00000000) refers (Special) to __rtentry2.o(.ARM.Collect$$rtentry$$0000000A) for __rt_entry_li
    __rtentry.o(.ARM.Collect$$rtentry$$00000000) refers (Special) to __rtentry2.o(.ARM.Collect$$rtentry$$0000000D) for __rt_entry_main
    __rtentry.o(.ARM.Collect$$rtentry$$00000000) refers (Special) to __rtentry2.o(.ARM.Collect$$rtentry$$0000000C) for __rt_entry_postli_1
    __rtentry.o(.ARM.Collect$$rtentry$$00000000) refers (Special) to __rtentry2.o(.ARM.Collect$$rtentry$$00000009) for __rt_entry_postsh_1
    __rtentry.o(.ARM.Collect$$rtentry$$00000000) refers (Special) to __rtentry2.o(.ARM.Collect$$rtentry$$00000002) for __rt_entry_presh_1
    __rtentry.o(.ARM.Collect$$rtentry$$00000000) refers (Special) to __rtentry4.o(.ARM.Collect$$rtentry$$00000004) for __rt_entry_sh
    _printf_intcommon.o(.text) refers (Weak) to _printf_pad.o(.text) for _printf_pre_padding
    _printf_intcommon.o(.text) refers (Weak) to _printf_pad.o(.text) for _printf_pre_padding
    _printf_intcommon.o(.text) refers (Weak) to _printf_pad.o(.text) for _printf_post_padding
    _printf_char_common.o(.text) refers to __printf_flags_wp.o(.text) for __printf
    dcmpi.o(x$fpl$dcmpinf) refers (Special) to usenofp.o(x$fpl$usenofp) for __I$use$fp
    dnaninf.o(x$fpl$dnaninf) refers (Special) to usenofp.o(x$fpl$usenofp) for __I$use$fp
    dretinf.o(x$fpl$dretinf) refers (Special) to usenofp.o(x$fpl$usenofp) for __I$use$fp
    __rtentry2.o(.ARM.Collect$$rtentry$$00000008) refers to boardinit2.o(.text) for _platform_post_stackheap_init
    __rtentry2.o(.ARM.Collect$$rtentry$$0000000A) refers to libinit.o(.ARM.Collect$$libinit$$00000000) for __rt_lib_init
    __rtentry2.o(.ARM.Collect$$rtentry$$0000000B) refers to boardinit3.o(.text) for _platform_post_lib_init
    __rtentry2.o(.ARM.Collect$$rtentry$$0000000D) refers to sample.o(.text) for main
    __rtentry2.o(.ARM.Collect$$rtentry$$0000000D) refers to exit.o(.text) for exit
    __rtentry2.o(.ARM.exidx) refers to __rtentry2.o(.ARM.Collect$$rtentry$$00000001) for .ARM.Collect$$rtentry$$00000001
    __rtentry2.o(.ARM.exidx) refers to __rtentry2.o(.ARM.Collect$$rtentry$$00000008) for .ARM.Collect$$rtentry$$00000008
    __rtentry2.o(.ARM.exidx) refers to __rtentry2.o(.ARM.Collect$$rtentry$$0000000A) for .ARM.Collect$$rtentry$$0000000A
    __rtentry2.o(.ARM.exidx) refers to __rtentry2.o(.ARM.Collect$$rtentry$$0000000B) for .ARM.Collect$$rtentry$$0000000B
    __rtentry2.o(.ARM.exidx) refers to __rtentry2.o(.ARM.Collect$$rtentry$$0000000D) for .ARM.Collect$$rtentry$$0000000D
    __rtentry4.o(.ARM.Collect$$rtentry$$00000004) refers to sys_stackheap_outer.o(.text) for __user_setup_stackheap
    __rtentry4.o(.ARM.exidx) refers to __rtentry4.o(.ARM.Collect$$rtentry$$00000004) for .ARM.Collect$$rtentry$$00000004
    sys_stackheap_outer.o(.text) refers to libspace.o(.text) for __user_perproc_libspace
    sys_stackheap_outer.o(.text) refers to startup_lpc17xx.o(.text) for __user_initial_stackheap
    exit.o(.text) refers to rtexit.o(.ARM.Collect$$rtexit$$00000000) for __rt_exit
    libinit.o(.ARM.Collect$$libinit$$00000000) refers (Special) to libinit2.o(.ARM.Collect$$libinit$$0000002E) for __rt_lib_init_alloca_1
    libinit.o(.ARM.Collect$$libinit$$00000000) refers (Special) to libinit2.o(.ARM.Collect$$libinit$$0000002C) for __rt_lib_init_argv_1
    libinit.o(.ARM.Collect$$libinit$$00000000) refers (Special) to libinit2.o(.ARM.Collect$$libinit$$0000001B) for __rt_lib_init_atexit_1
    libinit.o(.ARM.Collect$$libinit$$00000000) refers (Special) to libinit2.o(.ARM.Collect$$libinit$$00000021) for __rt_lib_init_clock_1
    libinit.o(.ARM.Collect$$libinit$$00000000) refers (Special) to libinit2.o(.ARM.Collect$$libinit$$00000032) for __rt_lib_init_cpp_1
    libinit.o(.ARM.Collect$$libinit$$00000000) refers (Special) to libinit2.o(.ARM.Collect$$libinit$$00000030) for __rt_lib_init_exceptions_1
    libinit.o(.ARM.Collect$$libinit$$00000000) refers (Special) to libinit2.o(.ARM.Collect$$libinit$$00000002) for __rt_lib_init_fp_1
    libinit.o(.ARM.Collect$$libinit$$00000000) refers (Special) to libinit2.o(.ARM.Collect$$libinit$$0000001F) for __rt_lib_init_fp_trap_1
    libinit.o(.ARM.Collect$$libinit$$00000000) refers (Special) to libinit2.o(.ARM.Collect$$libinit$$00000023) for __rt_lib_init_getenv_1
    libinit.o(.ARM.Collect$$libinit$$00000000) refers (Special) to libinit2.o(.ARM.Collect$$libinit$$0000000A) for __rt_lib_init_heap_1
    libinit.o(.ARM.Collect$$libinit$$00000000) refers (Special) to libinit2.o(.ARM.Collect$$libinit$$00000011) for __rt_lib_init_lc_collate_1
    libinit.o(.ARM.Collect$$libinit$$00000000) refers (Special) to libinit2.o(.ARM.Collect$$libinit$$00000013) for __rt_lib_init_lc_ctype_1
    libinit.o(.ARM.Collect$$libinit$$00000000) refers (Special) to libinit2.o(.ARM.Collect$$libinit$$00000015) for __rt_lib_init_lc_monetary_1
    libinit.o(.ARM.Collect$$libinit$$00000000) refers (Special) to libinit2.o(.ARM.Collect$$libinit$$00000017) for __rt_lib_init_lc_numeric_1
    libinit.o(.ARM.Collect$$libinit$$00000000) refers (Special) to libinit2.o(.ARM.Collect$$libinit$$00000019) for __rt_lib_init_lc_time_1
    libinit.o(.ARM.Collect$$libinit$$00000000) refers (Special) to libinit2.o(.ARM.Collect$$libinit$$00000004) for __rt_lib_init_preinit_1
    libinit.o(.ARM.Collect$$libinit$$00000000) refers (Special) to libinit2.o(.ARM.Collect$$libinit$$0000000E) for __rt_lib_init_rand_1
    libinit.o(.ARM.Collect$$libinit$$00000000) refers (Special) to libinit2.o(.ARM.Collect$$libinit$$00000033) for __rt_lib_init_return
    libinit.o(.ARM.Collect$$libinit$$00000000) refers (Special) to libinit2.o(.ARM.Collect$$libinit$$0000001D) for __rt_lib_init_signal_1
    libinit.o(.ARM.Collect$$libinit$$00000000) refers (Special) to libinit2.o(.ARM.Collect$$libinit$$00000025) for __rt_lib_init_stdio_1
    libinit.o(.ARM.Collect$$libinit$$00000000) refers (Special) to libinit2.o(.ARM.Collect$$libinit$$0000000C) for __rt_lib_init_user_alloc_1
    libspace.o(.text) refers to libspace.o(.bss) for __libspace_start
    rtexit.o(.ARM.Collect$$rtexit$$00000000) refers (Special) to rtexit2.o(.ARM.Collect$$rtexit$$00000004) for __rt_exit_exit
    rtexit.o(.ARM.Collect$$rtexit$$00000000) refers (Special) to rtexit2.o(.ARM.Collect$$rtexit$$00000003) for __rt_exit_ls
    rtexit.o(.ARM.Collect$$rtexit$$00000000) refers (Special) to rtexit2.o(.ARM.Collect$$rtexit$$00000002) for __rt_exit_prels_1
    rtexit.o(.ARM.exidx) refers (Special) to rtexit2.o(.ARM.Collect$$rtexit$$00000004) for __rt_exit_exit
    rtexit.o(.ARM.exidx) refers (Special) to rtexit2.o(.ARM.Collect$$rtexit$$00000003) for __rt_exit_ls
    rtexit.o(.ARM.exidx) refers (Special) to rtexit2.o(.ARM.Collect$$rtexit$$00000002) for __rt_exit_prels_1
    rtexit.o(.ARM.exidx) refers to rtexit.o(.ARM.Collect$$rtexit$$00000000) for .ARM.Collect$$rtexit$$00000000
    libinit2.o(.ARM.Collect$$libinit$$00000010) refers to libinit2.o(.ARM.Collect$$libinit$$0000000F) for .ARM.Collect$$libinit$$0000000F
    libinit2.o(.ARM.Collect$$libinit$$00000012) refers to libinit2.o(.ARM.Collect$$libinit$$0000000F) for .ARM.Collect$$libinit$$0000000F
    libinit2.o(.ARM.Collect$$libinit$$00000014) refers to libinit2.o(.ARM.Collect$$libinit$$0000000F) for .ARM.Collect$$libinit$$0000000F
    libinit2.o(.ARM.Collect$$libinit$$00000016) refers to libinit2.o(.ARM.Collect$$libinit$$0000000F) for .ARM.Collect$$libinit$$0000000F
    libinit2.o(.ARM.Collect$$libinit$$00000018) refers to libinit2.o(.ARM.Collect$$libinit$$0000000F) for .ARM.Collect$$libinit$$0000000F
    libinit2.o(.ARM.Collect$$libinit$$00000026) refers to argv_veneer.o(.emb_text) for __ARM_argv_veneer
    libinit2.o(.ARM.Collect$$libinit$$00000027) refers to argv_veneer.o(.emb_text) for __ARM_argv_veneer
    rtexit2.o(.ARM.Collect$$rtexit$$00000003) refers to libshutdown.o(.ARM.Collect$$libshutdown$$00000000) for __rt_lib_shutdown
    rtexit2.o(.ARM.Collect$$rtexit$$00000004) refers to sys_exit.o(.text) for _sys_exit
    rtexit2.o(.ARM.exidx) refers to rtexit2.o(.ARM.Collect$$rtexit$$00000001) for .ARM.Collect$$rtexit$$00000001
    rtexit2.o(.ARM.exidx) refers to rtexit2.o(.ARM.Collect$$rtexit$$00000003) for .ARM.Collect$$rtexit$$00000003
    rtexit2.o(.ARM.exidx) refers to rtexit2.o(.ARM.Collect$$rtexit$$00000004) for .ARM.Collect$$rtexit$$00000004
    argv_veneer.o(.emb_text) refers to no_argv.o(.text) for __ARM_get_argv
    sys_exit.o(.text) refers (Special) to use_no_semi.o(.text) for __I$use$semihosting
    sys_exit.o(.text) refers (Special) to indicate_semi.o(.text) for __semihosting_library_function
    _get_argv_nomalloc.o(.text) refers (Special) to hrguard.o(.text) for __heap_region$guard
    _get_argv_nomalloc.o(.text) refers to defsig_rtmem_outer.o(.text) for __rt_SIGRTMEM
    _get_argv_nomalloc.o(.text) refers to sys_command.o(.text) for _sys_command_string
    libshutdown.o(.ARM.Collect$$libshutdown$$00000000) refers (Special) to libshutdown2.o(.ARM.Collect$$libshutdown$$00000004) for __rt_lib_shutdown_cpp_1
    libshutdown.o(.ARM.Collect$$libshutdown$$00000000) refers (Special) to libshutdown2.o(.ARM.Collect$$libshutdown$$00000002) for __rt_lib_shutdown_fini_1
    libshutdown.o(.ARM.Collect$$libshutdown$$00000000) refers (Special) to libshutdown2.o(.ARM.Collect$$libshutdown$$00000009) for __rt_lib_shutdown_fp_trap_1
    libshutdown.o(.ARM.Collect$$libshutdown$$00000000) refers (Special) to libshutdown2.o(.ARM.Collect$$libshutdown$$00000011) for __rt_lib_shutdown_heap_1
    libshutdown.o(.ARM.Collect$$libshutdown$$00000000) refers (Special) to libshutdown2.o(.ARM.Collect$$libshutdown$$00000012) for __rt_lib_shutdown_return
    libshutdown.o(.ARM.Collect$$libshutdown$$00000000) refers (Special) to libshutdown2.o(.ARM.Collect$$libshutdown$$0000000C) for __rt_lib_shutdown_signal_1
    libshutdown.o(.ARM.Collect$$libshutdown$$00000000) refers (Special) to libshutdown2.o(.ARM.Collect$$libshutdown$$00000006) for __rt_lib_shutdown_stdio_1
    libshutdown.o(.ARM.Collect$$libshutdown$$00000000) refers (Special) to libshutdown2.o(.ARM.Collect$$libshutdown$$0000000E) for __rt_lib_shutdown_user_alloc_1
    sys_command.o(.text) refers (Special) to use_no_semi.o(.text) for __I$use$semihosting
    sys_command.o(.text) refers (Special) to indicate_semi.o(.text) for __semihosting_library_function
    defsig_rtmem_outer.o(.text) refers to defsig_rtmem_inner.o(.text) for __rt_SIGRTMEM_inner
    defsig_rtmem_outer.o(.text) refers to defsig_exit.o(.text) for __sig_exit
    defsig_rtmem_formal.o(.text) refers to rt_raise.o(.text) for __rt_raise
    rt_raise.o(.text) refers to __raise.o(.text) for __raise
    rt_raise.o(.text) refers to sys_exit.o(.text) for _sys_exit
    defsig_exit.o(.text) refers to sys_exit.o(.text) for _sys_exit
    defsig_rtmem_inner.o(.text) refers to defsig_general.o(.text) for __default_signal_display
    __raise.o(.text) refers to defsig.o(CL$$defsig) for __default_signal_handler
    defsig_general.o(.text) refers to sys_wrch.o(.text) for _ttywrch
    sys_wrch.o(.text) refers (Special) to use_no_semi.o(.text) for __I$use$semihosting
    sys_wrch.o(.text) refers (Special) to indicate_semi.o(.text) for __semihosting_library_function
    defsig.o(CL$$defsig) refers to defsig_rtmem_inner.o(.text) for __rt_SIGRTMEM_inner
    defsig_abrt_inner.o(.text) refers to defsig_general.o(.text) for __default_signal_display
    defsig_fpe_inner.o(.text) refers to defsig_general.o(.text) for __default_signal_display
    defsig_rtred_inner.o(.text) refers to defsig_general.o(.text) for __default_signal_display
    defsig_stak_inner.o(.text) refers to defsig_general.o(.text) for __default_signal_display
    defsig_pvfn_inner.o(.text) refers to defsig_general.o(.text) for __default_signal_display
    defsig_cppl_inner.o(.text) refers to defsig_general.o(.text) for __default_signal_display
    defsig_segv_inner.o(.text) refers to defsig_general.o(.text) for __default_signal_display
    defsig_other.o(.text) refers to defsig_general.o(.text) for __default_signal_display


==============================================================================

Removing Unused input sections from the image.

    Removing sample.o(.rev16_text), (4 bytes).
    Removing sample.o(.revsh_text), (4 bytes).
    Removing sample.o(.rrx_text), (6 bytes).
    Removing core_cm3.o(.emb_text), (32 bytes).
    Removing system_lpc17xx.o(.rev16_text), (4 bytes).
    Removing system_lpc17xx.o(.revsh_text), (4 bytes).
    Removing system_lpc17xx.o(.rrx_text), (6 bytes).
    Removing irq_timer.o(.rev16_text), (4 bytes).
    Removing irq_timer.o(.revsh_text), (4 bytes).
    Removing irq_timer.o(.rrx_text), (6 bytes).
    Removing irq_timer.o(.data), (4 bytes).
    Removing lib_timer.o(.rev16_text), (4 bytes).
    Removing lib_timer.o(.revsh_text), (4 bytes).
    Removing lib_timer.o(.rrx_text), (6 bytes).
    Removing glcd.o(.rev16_text), (4 bytes).
    Removing glcd.o(.revsh_text), (4 bytes).
    Removing glcd.o(.rrx_text), (6 bytes).
    Removing hzlib.o(.text), (36 bytes).
    Removing hzlib.o(.constdata), (216576 bytes).
    Removing touchpanel.o(.rev16_text), (4 bytes).
    Removing touchpanel.o(.revsh_text), (4 bytes).
    Removing touchpanel.o(.rrx_text), (6 bytes).
    Removing funct_joystick.o(.rev16_text), (4 bytes).
    Removing funct_joystick.o(.revsh_text), (4 bytes).
    Removing funct_joystick.o(.rrx_text), (6 bytes).
    Removing funct_joystick.o(.text), (2 bytes).
    Removing lib_joystick.o(.rev16_text), (4 bytes).
    Removing lib_joystick.o(.revsh_text), (4 bytes).
    Removing lib_joystick.o(.rrx_text), (6 bytes).
    Removing lib_rit.o(.rev16_text), (4 bytes).
    Removing lib_rit.o(.revsh_text), (4 bytes).
    Removing lib_rit.o(.rrx_text), (6 bytes).
    Removing irq_rit.o(.rev16_text), (4 bytes).
    Removing irq_rit.o(.revsh_text), (4 bytes).
    Removing irq_rit.o(.rrx_text), (6 bytes).
    Removing irq_rit.o(.data), (4 bytes).
    Removing irq_adc.o(.rev16_text), (4 bytes).
    Removing irq_adc.o(.revsh_text), (4 bytes).
    Removing irq_adc.o(.rrx_text), (6 bytes).
    Removing irq_adc.o(.constdata), (36 bytes).
    Removing lib_adc.o(.rev16_text), (4 bytes).
    Removing lib_adc.o(.revsh_text), (4 bytes).
    Removing lib_adc.o(.rrx_text), (6 bytes).
    Removing music.o(.rev16_text), (4 bytes).
    Removing music.o(.revsh_text), (4 bytes).
    Removing music.o(.rrx_text), (6 bytes).
    Removing music.o(.data), (2 bytes).
    Removing music.o(.data), (2 bytes).
    Removing music.o(.data), (4 bytes).
    Removing music.o(.data), (4 bytes).

50 unused section(s) (total 216884 bytes) removed from the image.

==============================================================================

Image Symbol Table

    Local Symbols

    Symbol Name                              Value     Ov Type        Size  Object(Section)

    RESET                                    0x00000000   Section      204  startup_lpc17xx.o(RESET)
    ../clib/angel/boardlib.s                 0x00000000   Number         0  boardinit1.o ABSOLUTE
    ../clib/angel/boardlib.s                 0x00000000   Number         0  boardinit2.o ABSOLUTE
    ../clib/angel/boardlib.s                 0x00000000   Number         0  boardinit3.o ABSOLUTE
    ../clib/angel/boardlib.s                 0x00000000   Number         0  boardshut.o ABSOLUTE
    ../clib/angel/dclz77c.s                  0x00000000   Number         0  __dclz77c.o ABSOLUTE
    ../clib/angel/handlers.s                 0x00000000   Number         0  __scatter_zi.o ABSOLUTE
    ../clib/angel/kernel.s                   0x00000000   Number         0  rtexit2.o ABSOLUTE
    ../clib/angel/kernel.s                   0x00000000   Number         0  rtexit.o ABSOLUTE
    ../clib/angel/kernel.s                   0x00000000   Number         0  __rtentry2.o ABSOLUTE
    ../clib/angel/kernel.s                   0x00000000   Number         0  __rtentry4.o ABSOLUTE
    ../clib/angel/kernel.s                   0x00000000   Number         0  __rtentry.o ABSOLUTE
    ../clib/angel/rt.s                       0x00000000   Number         0  rt_raise.o ABSOLUTE
    ../clib/angel/scatter.s                  0x00000000   Number         0  __scatter.o ABSOLUTE
    ../clib/angel/startup.s                  0x00000000   Number         0  __main.o ABSOLUTE
    ../clib/angel/sys.s                      0x00000000   Number         0  use_no_semi.o ABSOLUTE
    ../clib/angel/sys.s                      0x00000000   Number         0  indicate_semi.o ABSOLUTE
    ../clib/angel/sys.s                      0x00000000   Number         0  libspace.o ABSOLUTE
    ../clib/angel/sys.s                      0x00000000   Number         0  sys_stackheap_outer.o ABSOLUTE
    ../clib/angel/sysapp.c                   0x00000000   Number         0  sys_command.o ABSOLUTE
    ../clib/angel/sysapp.c                   0x00000000   Number         0  sys_exit.o ABSOLUTE
    ../clib/angel/sysapp.c                   0x00000000   Number         0  sys_wrch.o ABSOLUTE
    ../clib/armsys.c                         0x00000000   Number         0  _get_argv_nomalloc.o ABSOLUTE
    ../clib/armsys.c                         0x00000000   Number         0  no_argv.o ABSOLUTE
    ../clib/armsys.c                         0x00000000   Number         0  argv_veneer.o ABSOLUTE
    ../clib/armsys.c                         0x00000000   Number         0  argv_veneer.o ABSOLUTE
    ../clib/heapalloc.c                      0x00000000   Number         0  hrguard.o ABSOLUTE
    ../clib/heapaux.c                        0x00000000   Number         0  heapauxi.o ABSOLUTE
    ../clib/libinit.s                        0x00000000   Number         0  libshutdown2.o ABSOLUTE
    ../clib/libinit.s                        0x00000000   Number         0  libinit2.o ABSOLUTE
    ../clib/libinit.s                        0x00000000   Number         0  libshutdown.o ABSOLUTE
    ../clib/libinit.s                        0x00000000   Number         0  libinit.o ABSOLUTE
    ../clib/memcpset.s                       0x00000000   Number         0  rt_memcpy_v6.o ABSOLUTE
    ../clib/memcpset.s                       0x00000000   Number         0  rt_memcpy_w.o ABSOLUTE
    ../clib/memcpset.s                       0x00000000   Number         0  rt_memclr_w.o ABSOLUTE
    ../clib/misc.s                           0x00000000   Number         0  printf_stubs.o ABSOLUTE
    ../clib/printf.c                         0x00000000   Number         0  __printf_nopercent.o ABSOLUTE
    ../clib/printf.c                         0x00000000   Number         0  _printf_dec.o ABSOLUTE
    ../clib/printf.c                         0x00000000   Number         0  _printf_pad.o ABSOLUTE
    ../clib/printf.c                         0x00000000   Number         0  __printf.o ABSOLUTE
    ../clib/printf.c                         0x00000000   Number         0  noretval__2sprintf.o ABSOLUTE
    ../clib/printf.c                         0x00000000   Number         0  __printf_flags.o ABSOLUTE
    ../clib/printf.c                         0x00000000   Number         0  __printf_ss.o ABSOLUTE
    ../clib/printf.c                         0x00000000   Number         0  __printf_flags_ss.o ABSOLUTE
    ../clib/printf.c                         0x00000000   Number         0  __printf_wp.o ABSOLUTE
    ../clib/printf.c                         0x00000000   Number         0  __2sprintf.o ABSOLUTE
    ../clib/printf.c                         0x00000000   Number         0  __printf_flags_ss_wp.o ABSOLUTE
    ../clib/printf.c                         0x00000000   Number         0  __printf_ss_wp.o ABSOLUTE
    ../clib/printf.c                         0x00000000   Number         0  _printf_char_common.o ABSOLUTE
    ../clib/printf.c                         0x00000000   Number         0  _sputc.o ABSOLUTE
    ../clib/printf.c                         0x00000000   Number         0  _printf_intcommon.o ABSOLUTE
    ../clib/printf.c                         0x00000000   Number         0  __printf_flags_wp.o ABSOLUTE
    ../clib/printf_percent.s                 0x00000000   Number         0  _printf_d.o ABSOLUTE
    ../clib/printf_percent.s                 0x00000000   Number         0  _printf_percent_end.o ABSOLUTE
    ../clib/printf_percent.s                 0x00000000   Number         0  _printf_percent.o ABSOLUTE
    ../clib/signal.c                         0x00000000   Number         0  defsig_stak_inner.o ABSOLUTE
    ../clib/signal.c                         0x00000000   Number         0  defsig_abrt_inner.o ABSOLUTE
    ../clib/signal.c                         0x00000000   Number         0  defsig_rtmem_formal.o ABSOLUTE
    ../clib/signal.c                         0x00000000   Number         0  defsig_general.o ABSOLUTE
    ../clib/signal.c                         0x00000000   Number         0  __raise.o ABSOLUTE
    ../clib/signal.c                         0x00000000   Number         0  defsig_rtmem_inner.o ABSOLUTE
    ../clib/signal.c                         0x00000000   Number         0  defsig_exit.o ABSOLUTE
    ../clib/signal.c                         0x00000000   Number         0  defsig_pvfn_inner.o ABSOLUTE
    ../clib/signal.c                         0x00000000   Number         0  defsig_cppl_inner.o ABSOLUTE
    ../clib/signal.c                         0x00000000   Number         0  defsig_rtmem_outer.o ABSOLUTE
    ../clib/signal.c                         0x00000000   Number         0  defsig_segv_inner.o ABSOLUTE
    ../clib/signal.c                         0x00000000   Number         0  defsig_rtred_inner.o ABSOLUTE
    ../clib/signal.c                         0x00000000   Number         0  defsig_other.o ABSOLUTE
    ../clib/signal.c                         0x00000000   Number         0  defsig_fpe_inner.o ABSOLUTE
    ../clib/signal.s                         0x00000000   Number         0  defsig.o ABSOLUTE
    ../clib/stdlib.c                         0x00000000   Number         0  exit.o ABSOLUTE
    ../fplib/daddsub.s                       0x00000000   Number         0  daddsub_clz.o ABSOLUTE
    ../fplib/dcmpi.s                         0x00000000   Number         0  dcmpi.o ABSOLUTE
    ../fplib/ddiv.s                          0x00000000   Number         0  ddiv.o ABSOLUTE
    ../fplib/deqf.s                          0x00000000   Number         0  deqf.o ABSOLUTE
    ../fplib/dfixu.s                         0x00000000   Number         0  dfixu.o ABSOLUTE
    ../fplib/dflt.s                          0x00000000   Number         0  dflt_clz.o ABSOLUTE
    ../fplib/dmul.s                          0x00000000   Number         0  dmul.o ABSOLUTE
    ../fplib/dnaninf.s                       0x00000000   Number         0  dnaninf.o ABSOLUTE
    ../fplib/dretinf.s                       0x00000000   Number         0  dretinf.o ABSOLUTE
    ../fplib/fpinit.s                        0x00000000   Number         0  fpinit.o ABSOLUTE
    ../fplib/usenofp.s                       0x00000000   Number         0  usenofp.o ABSOLUTE
    GLCD\AsciiLib.c                          0x00000000   Number         0  asciilib.o ABSOLUTE
    GLCD\GLCD.c                              0x00000000   Number         0  glcd.o ABSOLUTE
    GLCD\HzLib.c                             0x00000000   Number         0  hzlib.o ABSOLUTE
    GLCD\\GLCD.c                             0x00000000   Number         0  glcd.o ABSOLUTE
    Music\Music.c                            0x00000000   Number         0  music.o ABSOLUTE
    Music\\Music.c                           0x00000000   Number         0  music.o ABSOLUTE
    RIT\IRQ_RIT.c                            0x00000000   Number         0  irq_rit.o ABSOLUTE
    RIT\\IRQ_RIT.c                           0x00000000   Number         0  irq_rit.o ABSOLUTE
    RIT\\lib_RIT.c                           0x00000000   Number         0  lib_rit.o ABSOLUTE
    RIT\lib_RIT.c                            0x00000000   Number         0  lib_rit.o ABSOLUTE
    TouchPanel\TouchPanel.c                  0x00000000   Number         0  touchpanel.o ABSOLUTE
    TouchPanel\\TouchPanel.c                 0x00000000   Number         0  touchpanel.o ABSOLUTE
    adc\IRQ_adc.c                            0x00000000   Number         0  irq_adc.o ABSOLUTE
    adc\\IRQ_adc.c                           0x00000000   Number         0  irq_adc.o ABSOLUTE
    adc\\lib_adc.c                           0x00000000   Number         0  lib_adc.o ABSOLUTE
    adc\lib_adc.c                            0x00000000   Number         0  lib_adc.o ABSOLUTE
    core_cm3.c                               0x00000000   Number         0  core_cm3.o ABSOLUTE
    core_cm3.c                               0x00000000   Number         0  core_cm3.o ABSOLUTE
    dc.s                                     0x00000000   Number         0  dc.o ABSOLUTE
    joystick\\funct_joystick.c               0x00000000   Number         0  funct_joystick.o ABSOLUTE
    joystick\\lib_joystick.c                 0x00000000   Number         0  lib_joystick.o ABSOLUTE
    joystick\funct_joystick.c                0x00000000   Number         0  funct_joystick.o ABSOLUTE
    joystick\lib_joystick.c                  0x00000000   Number         0  lib_joystick.o ABSOLUTE
    sample.c                                 0x00000000   Number         0  sample.o ABSOLUTE
    sample.c                                 0x00000000   Number         0  sample.o ABSOLUTE
    startup_LPC17xx.s                        0x00000000   Number         0  startup_lpc17xx.o ABSOLUTE
    system_LPC17xx.c                         0x00000000   Number         0  system_lpc17xx.o ABSOLUTE
    system_LPC17xx.c                         0x00000000   Number         0  system_lpc17xx.o ABSOLUTE
    timer\IRQ_timer.c                        0x00000000   Number         0  irq_timer.o ABSOLUTE
    timer\\IRQ_timer.c                       0x00000000   Number         0  irq_timer.o ABSOLUTE
    timer\\lib_timer.c                       0x00000000   Number         0  lib_timer.o ABSOLUTE
    timer\lib_timer.c                        0x00000000   Number         0  lib_timer.o ABSOLUTE
    !!!main                                  0x000000cc   Section        8  __main.o(!!!main)
    !!!scatter                               0x000000d4   Section       52  __scatter.o(!!!scatter)
    !!dclz77c                                0x00000108   Section      100  __dclz77c.o(!!dclz77c)
    !!handler_zi                             0x0000016c   Section       28  __scatter_zi.o(!!handler_zi)
    .ARM.Collect$$_printf_percent$$00000000  0x00000188   Section        0  _printf_percent.o(.ARM.Collect$$_printf_percent$$00000000)
    .ARM.Collect$$_printf_percent$$00000009  0x00000188   Section        6  _printf_d.o(.ARM.Collect$$_printf_percent$$00000009)
    .ARM.Collect$$_printf_percent$$00000017  0x0000018e   Section        4  _printf_percent_end.o(.ARM.Collect$$_printf_percent$$00000017)
    .ARM.Collect$$libinit$$00000000          0x00000192   Section        2  libinit.o(.ARM.Collect$$libinit$$00000000)
    .ARM.Collect$$libinit$$00000002          0x00000194   Section        0  libinit2.o(.ARM.Collect$$libinit$$00000002)
    .ARM.Collect$$libinit$$00000004          0x00000194   Section        0  libinit2.o(.ARM.Collect$$libinit$$00000004)
    .ARM.Collect$$libinit$$0000000A          0x00000194   Section        0  libinit2.o(.ARM.Collect$$libinit$$0000000A)
    .ARM.Collect$$libinit$$0000000C          0x00000194   Section        0  libinit2.o(.ARM.Collect$$libinit$$0000000C)
    .ARM.Collect$$libinit$$0000000E          0x00000194   Section        0  libinit2.o(.ARM.Collect$$libinit$$0000000E)
    .ARM.Collect$$libinit$$00000011          0x00000194   Section        0  libinit2.o(.ARM.Collect$$libinit$$00000011)
    .ARM.Collect$$libinit$$00000013          0x00000194   Section        0  libinit2.o(.ARM.Collect$$libinit$$00000013)
    .ARM.Collect$$libinit$$00000015          0x00000194   Section        0  libinit2.o(.ARM.Collect$$libinit$$00000015)
    .ARM.Collect$$libinit$$00000017          0x00000194   Section        0  libinit2.o(.ARM.Collect$$libinit$$00000017)
    .ARM.Collect$$libinit$$00000019          0x00000194   Section        0  libinit2.o(.ARM.Collect$$libinit$$00000019)
    .ARM.Collect$$libinit$$0000001B          0x00000194   Section        0  libinit2.o(.ARM.Collect$$libinit$$0000001B)
    .ARM.Collect$$libinit$$0000001D          0x00000194   Section        0  libinit2.o(.ARM.Collect$$libinit$$0000001D)
    .ARM.Collect$$libinit$$0000001F          0x00000194   Section        0  libinit2.o(.ARM.Collect$$libinit$$0000001F)
    .ARM.Collect$$libinit$$00000021          0x00000194   Section        0  libinit2.o(.ARM.Collect$$libinit$$00000021)
    .ARM.Collect$$libinit$$00000023          0x00000194   Section        0  libinit2.o(.ARM.Collect$$libinit$$00000023)
    .ARM.Collect$$libinit$$00000025          0x00000194   Section        0  libinit2.o(.ARM.Collect$$libinit$$00000025)
    .ARM.Collect$$libinit$$0000002C          0x00000194   Section        0  libinit2.o(.ARM.Collect$$libinit$$0000002C)
    .ARM.Collect$$libinit$$0000002E          0x00000194   Section        0  libinit2.o(.ARM.Collect$$libinit$$0000002E)
    .ARM.Collect$$libinit$$00000030          0x00000194   Section        0  libinit2.o(.ARM.Collect$$libinit$$00000030)
    .ARM.Collect$$libinit$$00000032          0x00000194   Section        0  libinit2.o(.ARM.Collect$$libinit$$00000032)
    .ARM.Collect$$libinit$$00000033          0x00000194   Section        2  libinit2.o(.ARM.Collect$$libinit$$00000033)
    .ARM.Collect$$libshutdown$$00000000      0x00000196   Section        2  libshutdown.o(.ARM.Collect$$libshutdown$$00000000)
    .ARM.Collect$$libshutdown$$00000002      0x00000198   Section        0  libshutdown2.o(.ARM.Collect$$libshutdown$$00000002)
    .ARM.Collect$$libshutdown$$00000004      0x00000198   Section        0  libshutdown2.o(.ARM.Collect$$libshutdown$$00000004)
    .ARM.Collect$$libshutdown$$00000006      0x00000198   Section        0  libshutdown2.o(.ARM.Collect$$libshutdown$$00000006)
    .ARM.Collect$$libshutdown$$00000009      0x00000198   Section        0  libshutdown2.o(.ARM.Collect$$libshutdown$$00000009)
    .ARM.Collect$$libshutdown$$0000000C      0x00000198   Section        0  libshutdown2.o(.ARM.Collect$$libshutdown$$0000000C)
    .ARM.Collect$$libshutdown$$0000000E      0x00000198   Section        0  libshutdown2.o(.ARM.Collect$$libshutdown$$0000000E)
    .ARM.Collect$$libshutdown$$00000011      0x00000198   Section        0  libshutdown2.o(.ARM.Collect$$libshutdown$$00000011)
    .ARM.Collect$$libshutdown$$00000012      0x00000198   Section        2  libshutdown2.o(.ARM.Collect$$libshutdown$$00000012)
    .ARM.Collect$$rtentry$$00000000          0x0000019a   Section        0  __rtentry.o(.ARM.Collect$$rtentry$$00000000)
    .ARM.Collect$$rtentry$$00000002          0x0000019a   Section        0  __rtentry2.o(.ARM.Collect$$rtentry$$00000002)
    .ARM.Collect$$rtentry$$00000004          0x0000019a   Section        6  __rtentry4.o(.ARM.Collect$$rtentry$$00000004)
    .ARM.Collect$$rtentry$$00000009          0x000001a0   Section        0  __rtentry2.o(.ARM.Collect$$rtentry$$00000009)
    .ARM.Collect$$rtentry$$0000000A          0x000001a0   Section        4  __rtentry2.o(.ARM.Collect$$rtentry$$0000000A)
    .ARM.Collect$$rtentry$$0000000C          0x000001a4   Section        0  __rtentry2.o(.ARM.Collect$$rtentry$$0000000C)
    .ARM.Collect$$rtentry$$0000000D          0x000001a4   Section        8  __rtentry2.o(.ARM.Collect$$rtentry$$0000000D)
    .ARM.Collect$$rtexit$$00000000           0x000001ac   Section        2  rtexit.o(.ARM.Collect$$rtexit$$00000000)
    .ARM.Collect$$rtexit$$00000002           0x000001ae   Section        0  rtexit2.o(.ARM.Collect$$rtexit$$00000002)
    .ARM.Collect$$rtexit$$00000003           0x000001ae   Section        4  rtexit2.o(.ARM.Collect$$rtexit$$00000003)
    .ARM.Collect$$rtexit$$00000004           0x000001b2   Section        6  rtexit2.o(.ARM.Collect$$rtexit$$00000004)
    .text                                    0x000001b8   Section       52  startup_lpc17xx.o(.text)
    .text                                    0x000001ec   Section        0  sample.o(.text)
    __NVIC_SetPriority                       0x00000273   Thumb Code    32  sample.o(.text)
    .text                                    0x000002a8   Section        0  asciilib.o(.text)
    .text                                    0x000002bc   Section        0  lib_joystick.o(.text)
    .ARM.__at_0x02FC                         0x000002fc   Section        4  startup_lpc17xx.o(.ARM.__at_0x02FC)
    .text                                    0x00000300   Section        0  system_lpc17xx.o(.text)
    .text                                    0x000004ac   Section        0  irq_timer.o(.text)
    .text                                    0x00000760   Section        0  lib_timer.o(.text)
    __NVIC_EnableIRQ                         0x00000945   Thumb Code    26  lib_timer.o(.text)
    __NVIC_SetPriority                       0x0000095f   Thumb Code    32  lib_timer.o(.text)
    .text                                    0x0000098c   Section        0  glcd.o(.text)
    LCD_Configuration                        0x0000098d   Thumb Code    18  glcd.o(.text)
    wait_delay                               0x0000099f   Thumb Code     8  glcd.o(.text)
    LCD_SetCursor                            0x000009a7   Thumb Code  1082  glcd.o(.text)
    LCD_BGR2RGB                              0x00002be7   Thumb Code    18  glcd.o(.text)
    .text                                    0x00003a64   Section        0  touchpanel.o(.text)
    ADS7843_SPI_Init                         0x00003a75   Thumb Code    86  touchpanel.o(.text)
    DelayUS                                  0x00003adf   Thumb Code    20  touchpanel.o(.text)
    WR_CMD                                   0x00003af3   Thumb Code    28  touchpanel.o(.text)
    RD_AD                                    0x00003b0f   Thumb Code    34  touchpanel.o(.text)
    .text                                    0x000041fc   Section        0  lib_rit.o(.text)
    .text                                    0x00004260   Section        0  irq_rit.o(.text)
    .text                                    0x00004c48   Section        0  irq_adc.o(.text)
    .text                                    0x00004ca0   Section        0  lib_adc.o(.text)
    .text                                    0x00004ce8   Section        0  music.o(.text)
    .text                                    0x00004de4   Section        0  noretval__2sprintf.o(.text)
    .text                                    0x00004e0c   Section        0  _printf_pad.o(.text)
    .text                                    0x00004e5c   Section        0  _printf_dec.o(.text)
    .text                                    0x00004ed4   Section        0  __printf_flags_wp.o(.text)
    .text                                    0x0000500c   Section      138  rt_memcpy_v6.o(.text)
    .text                                    0x00005096   Section       78  rt_memclr_w.o(.text)
    .text                                    0x000050e4   Section        0  heapauxi.o(.text)
    .text                                    0x000050ea   Section        0  _printf_intcommon.o(.text)
    .text                                    0x0000519c   Section        0  _printf_char_common.o(.text)
    _printf_input_char                       0x0000519d   Thumb Code    10  _printf_char_common.o(.text)
    .text                                    0x000051cc   Section        0  _sputc.o(.text)
    .text                                    0x000051d6   Section      100  rt_memcpy_w.o(.text)
    .text                                    0x0000523a   Section       74  sys_stackheap_outer.o(.text)
    .text                                    0x00005284   Section        0  exit.o(.text)
    .text                                    0x00005298   Section        8  libspace.o(.text)
    .text                                    0x000052a0   Section        0  sys_exit.o(.text)
    .text                                    0x000052ac   Section        2  use_no_semi.o(.text)
    .text                                    0x000052ae   Section        0  indicate_semi.o(.text)
    i._is_digit                              0x000052ae   Section        0  __printf_wp.o(i._is_digit)
    x$fpl$dadd                               0x000052bc   Section      336  daddsub_clz.o(x$fpl$dadd)
    _dadd1                                   0x000052cd   Thumb Code     0  daddsub_clz.o(x$fpl$dadd)
    x$fpl$dcmpinf                            0x0000540c   Section       24  dcmpi.o(x$fpl$dcmpinf)
    x$fpl$ddiv                               0x00005424   Section      688  ddiv.o(x$fpl$ddiv)
    ddiv_entry                               0x0000542b   Thumb Code     0  ddiv.o(x$fpl$ddiv)
    x$fpl$deqf                               0x000056d4   Section      120  deqf.o(x$fpl$deqf)
    x$fpl$dfixu                              0x0000574c   Section       90  dfixu.o(x$fpl$dfixu)
    x$fpl$dflt                               0x000057a6   Section       46  dflt_clz.o(x$fpl$dflt)
    x$fpl$dfltu                              0x000057d4   Section       38  dflt_clz.o(x$fpl$dfltu)
    x$fpl$dmul                               0x000057fc   Section      340  dmul.o(x$fpl$dmul)
    x$fpl$dnaninf                            0x00005950   Section      156  dnaninf.o(x$fpl$dnaninf)
    x$fpl$dretinf                            0x000059ec   Section       12  dretinf.o(x$fpl$dretinf)
    x$fpl$dsub                               0x000059f8   Section      468  daddsub_clz.o(x$fpl$dsub)
    _dsub1                                   0x00005a09   Thumb Code     0  daddsub_clz.o(x$fpl$dsub)
    .constdata                               0x00005bcc   Section     1520  asciilib.o(.constdata)
    x$fpl$usenofp                            0x00005bcc   Section        0  usenofp.o(x$fpl$usenofp)
    AsciiLib                                 0x00005bcc   Data        1520  asciilib.o(.constdata)
    .constdata                               0x000061bc   Section       32  irq_adc.o(.constdata)
    .constdata                               0x000061dc   Section       17  __printf_flags_wp.o(.constdata)
    maptable                                 0x000061dc   Data          17  __printf_flags_wp.o(.constdata)
    .data                                    0x10000000   Section    29582  glcd.o(.data)
    LCD_Code                                 0x10000000   Data           1  glcd.o(.data)
    char_x                                   0x10000004   Data           4  glcd.o(.data)
    char_y                                   0x10000008   Data           4  glcd.o(.data)
    character_animation_1                    0x1000000c   Data        3872  glcd.o(.data)
    character_mouth_1                        0x10000f2c   Data          48  glcd.o(.data)
    character_tail_1                         0x10000f5c   Data         384  glcd.o(.data)
    character_eyes_base                      0x100010dc   Data         288  glcd.o(.data)
    character_mouth_2                        0x100011fc   Data          48  glcd.o(.data)
    character_tail_2                         0x1000122c   Data         384  glcd.o(.data)
    character_mouth_3                        0x100013ac   Data          48  glcd.o(.data)
    character_tail_3                         0x100013dc   Data         384  glcd.o(.data)
    character_eyes_meal                      0x1000155c   Data         288  glcd.o(.data)
    meal_mouth                               0x1000167c   Data         240  glcd.o(.data)
    character_snack                          0x1000176c   Data        3872  glcd.o(.data)
    character_mouth_sad                      0x1000268c   Data          96  glcd.o(.data)
    character_eyes_sad_1                     0x100026ec   Data         576  glcd.o(.data)
    character_eyes_sad_2                     0x1000292c   Data         576  glcd.o(.data)
    character_gone                           0x10002b6c   Data        3872  glcd.o(.data)
    character_gone_front                     0x10003a8c   Data        3872  glcd.o(.data)
    meal1                                    0x100049ac   Data         512  glcd.o(.data)
    meal2                                    0x10004bac   Data         512  glcd.o(.data)
    meal3                                    0x10004dac   Data         512  glcd.o(.data)
    snack1                                   0x10004fac   Data         512  glcd.o(.data)
    snack2                                   0x100051ac   Data         512  glcd.o(.data)
    snack_3                                  0x100053ac   Data         512  glcd.o(.data)
    heart_purple                             0x100055ac   Data         300  glcd.o(.data)
    heart_yellow                             0x100056d8   Data         300  glcd.o(.data)
    battery_0                                0x10005804   Data         800  glcd.o(.data)
    battery_1                                0x10005b24   Data         800  glcd.o(.data)
    battery_2                                0x10005e44   Data         800  glcd.o(.data)
    battery_3                                0x10006164   Data         800  glcd.o(.data)
    battery_4                                0x10006484   Data         800  glcd.o(.data)
    battery_5                                0x100067a4   Data         800  glcd.o(.data)
    volume_4                                 0x10006ac4   Data         450  glcd.o(.data)
    volume_3                                 0x10006c86   Data         450  glcd.o(.data)
    volume_2                                 0x10006e48   Data         450  glcd.o(.data)
    volume_1                                 0x1000700a   Data         450  glcd.o(.data)
    volume_0                                 0x100071cc   Data         450  glcd.o(.data)
    .data                                    0x2007c000   Section        8  system_lpc17xx.o(.data)
    .data                                    0x2007c008   Section      490  irq_timer.o(.data)
    char_x                                   0x2007c008   Data           4  irq_timer.o(.data)
    char_y                                   0x2007c00c   Data           4  irq_timer.o(.data)
    mealb                                    0x2007c01c   Data           5  irq_timer.o(.data)
    snack                                    0x2007c021   Data           6  irq_timer.o(.data)
    songCUDDLE                               0x2007c028   Data         368  irq_timer.o(.data)
    .data                                    0x2007c1f2   Section       16  touchpanel.o(.data)
    screen                                   0x2007c1f2   Data           4  touchpanel.o(.data)
    .data                                    0x2007c202   Section        4  touchpanel.o(.data)
    .data                                    0x2007c208   Section     1036  irq_rit.o(.data)
    char_x                                   0x2007c20c   Data           4  irq_rit.o(.data)
    char_y                                   0x2007c210   Data           4  irq_rit.o(.data)
    J_sel                                    0x2007c260   Data           4  irq_rit.o(.data)
    J_left                                   0x2007c264   Data           4  irq_rit.o(.data)
    J_right                                  0x2007c268   Data           4  irq_rit.o(.data)
    mealb                                    0x2007c270   Data           5  irq_rit.o(.data)
    snack                                    0x2007c275   Data           6  irq_rit.o(.data)
    redo                                     0x2007c27b   Data           8  irq_rit.o(.data)
    mealmess                                 0x2007c283   Data          25  irq_rit.o(.data)
    snackmess                                0x2007c29c   Data          22  irq_rit.o(.data)
    songSEL                                  0x2007c2b4   Data          16  irq_rit.o(.data)
    songCUDDLE                               0x2007c2c4   Data         368  irq_rit.o(.data)
    songEAT                                  0x2007c434   Data         248  irq_rit.o(.data)
    songRUN                                  0x2007c52c   Data         232  irq_rit.o(.data)
    .data                                    0x2007c614   Section        4  irq_adc.o(.data)
    .bss                                     0x2007c618   Section       68  touchpanel.o(.bss)
    .bss                                     0x2007c65c   Section        9  irq_rit.o(.bss)
    .bss                                     0x2007c668   Section       96  libspace.o(.bss)
    HEAP                                     0x2007c6c8   Section        0  startup_lpc17xx.o(HEAP)
    STACK                                    0x2007c6c8   Section      512  startup_lpc17xx.o(STACK)
    Heap_Mem                                 0x2007c6c8   Data           0  startup_lpc17xx.o(HEAP)
    Stack_Mem                                0x2007c6c8   Data         512  startup_lpc17xx.o(STACK)
    __initial_sp                             0x2007c8c8   Data           0  startup_lpc17xx.o(STACK)

    Global Symbols

    Symbol Name                              Value     Ov Type        Size  Object(Section)

    BuildAttributes$$THM_ISAv4$P$D$K$B$S$PE$A:L22UL41UL21$X:L11$S22US41US21$IEEE1$IW$USESV6$~STKCKD$USESV7$~SHL$OSPACE$ROPI$EBA8$UX$STANDARDLIB$REQ8$PRES8$EABIv2 0x00000000   Number         0  anon$$obj.o ABSOLUTE
    __ARM_use_no_argv                        0x00000000   Number         0  sample.o ABSOLUTE
    __Vectors                                0x00000000   Data           4  startup_lpc17xx.o(RESET)
    _printf_flags                            0x00000000   Number         0  printf_stubs.o ABSOLUTE
    _printf_return_value                     0x00000000   Number         0  printf_stubs.o ABSOLUTE
    _printf_sizespec                         0x00000000   Number         0  printf_stubs.o ABSOLUTE
    _printf_widthprec                        0x00000000   Number         0  printf_stubs.o ABSOLUTE
    __ARM_exceptions_init                     - Undefined Weak Reference
    __alloca_initialize                       - Undefined Weak Reference
    __arm_fini_                               - Undefined Weak Reference
    __arm_preinit_                            - Undefined Weak Reference
    __cpp_initialize__aeabi_                  - Undefined Weak Reference
    __cxa_finalize                            - Undefined Weak Reference
    __rt_locale                               - Undefined Weak Reference
    __sigvec_lookup                           - Undefined Weak Reference
    _atexit_init                              - Undefined Weak Reference
    _call_atexit_fns                          - Undefined Weak Reference
    _clock_init                               - Undefined Weak Reference
    _fp_trap_init                             - Undefined Weak Reference
    _fp_trap_shutdown                         - Undefined Weak Reference
    _get_lc_collate                           - Undefined Weak Reference
    _get_lc_ctype                             - Undefined Weak Reference
    _get_lc_monetary                          - Undefined Weak Reference
    _get_lc_numeric                           - Undefined Weak Reference
    _get_lc_time                              - Undefined Weak Reference
    _getenv_init                              - Undefined Weak Reference
    _handle_redirection                       - Undefined Weak Reference
    _init_alloc                               - Undefined Weak Reference
    _init_user_alloc                          - Undefined Weak Reference
    _initio                                   - Undefined Weak Reference
    _printf_truncate_signed                   - Undefined Weak Reference
    _printf_truncate_unsigned                 - Undefined Weak Reference
    _rand_init                                - Undefined Weak Reference
    _signal_finish                            - Undefined Weak Reference
    _signal_init                              - Undefined Weak Reference
    _terminate_alloc                          - Undefined Weak Reference
    _terminate_user_alloc                     - Undefined Weak Reference
    _terminateio                              - Undefined Weak Reference
    __main                                   0x000000cd   Thumb Code     8  __main.o(!!!main)
    __scatterload                            0x000000d5   Thumb Code     0  __scatter.o(!!!scatter)
    __scatterload_rt2                        0x000000d5   Thumb Code    44  __scatter.o(!!!scatter)
    __scatterload_rt2_thumb_only             0x000000d5   Thumb Code     0  __scatter.o(!!!scatter)
    __scatterload_null                       0x000000e3   Thumb Code     0  __scatter.o(!!!scatter)
    __decompress                             0x00000109   Thumb Code   100  __dclz77c.o(!!dclz77c)
    __decompress2                            0x00000109   Thumb Code     0  __dclz77c.o(!!dclz77c)
    __scatterload_zeroinit                   0x0000016d   Thumb Code    28  __scatter_zi.o(!!handler_zi)
    _printf_d                                0x00000189   Thumb Code     0  _printf_d.o(.ARM.Collect$$_printf_percent$$00000009)
    _printf_percent                          0x00000189   Thumb Code     0  _printf_percent.o(.ARM.Collect$$_printf_percent$$00000000)
    _printf_percent_end                      0x0000018f   Thumb Code     0  _printf_percent_end.o(.ARM.Collect$$_printf_percent$$00000017)
    __rt_lib_init                            0x00000193   Thumb Code     0  libinit.o(.ARM.Collect$$libinit$$00000000)
    __rt_lib_init_alloca_1                   0x00000195   Thumb Code     0  libinit2.o(.ARM.Collect$$libinit$$0000002E)
    __rt_lib_init_argv_1                     0x00000195   Thumb Code     0  libinit2.o(.ARM.Collect$$libinit$$0000002C)
    __rt_lib_init_atexit_1                   0x00000195   Thumb Code     0  libinit2.o(.ARM.Collect$$libinit$$0000001B)
    __rt_lib_init_clock_1                    0x00000195   Thumb Code     0  libinit2.o(.ARM.Collect$$libinit$$00000021)
    __rt_lib_init_cpp_1                      0x00000195   Thumb Code     0  libinit2.o(.ARM.Collect$$libinit$$00000032)
    __rt_lib_init_exceptions_1               0x00000195   Thumb Code     0  libinit2.o(.ARM.Collect$$libinit$$00000030)
    __rt_lib_init_fp_1                       0x00000195   Thumb Code     0  libinit2.o(.ARM.Collect$$libinit$$00000002)
    __rt_lib_init_fp_trap_1                  0x00000195   Thumb Code     0  libinit2.o(.ARM.Collect$$libinit$$0000001F)
    __rt_lib_init_getenv_1                   0x00000195   Thumb Code     0  libinit2.o(.ARM.Collect$$libinit$$00000023)
    __rt_lib_init_heap_1                     0x00000195   Thumb Code     0  libinit2.o(.ARM.Collect$$libinit$$0000000A)
    __rt_lib_init_lc_collate_1               0x00000195   Thumb Code     0  libinit2.o(.ARM.Collect$$libinit$$00000011)
    __rt_lib_init_lc_ctype_1                 0x00000195   Thumb Code     0  libinit2.o(.ARM.Collect$$libinit$$00000013)
    __rt_lib_init_lc_monetary_1              0x00000195   Thumb Code     0  libinit2.o(.ARM.Collect$$libinit$$00000015)
    __rt_lib_init_lc_numeric_1               0x00000195   Thumb Code     0  libinit2.o(.ARM.Collect$$libinit$$00000017)
    __rt_lib_init_lc_time_1                  0x00000195   Thumb Code     0  libinit2.o(.ARM.Collect$$libinit$$00000019)
    __rt_lib_init_preinit_1                  0x00000195   Thumb Code     0  libinit2.o(.ARM.Collect$$libinit$$00000004)
    __rt_lib_init_rand_1                     0x00000195   Thumb Code     0  libinit2.o(.ARM.Collect$$libinit$$0000000E)
    __rt_lib_init_return                     0x00000195   Thumb Code     0  libinit2.o(.ARM.Collect$$libinit$$00000033)
    __rt_lib_init_signal_1                   0x00000195   Thumb Code     0  libinit2.o(.ARM.Collect$$libinit$$0000001D)
    __rt_lib_init_stdio_1                    0x00000195   Thumb Code     0  libinit2.o(.ARM.Collect$$libinit$$00000025)
    __rt_lib_init_user_alloc_1               0x00000195   Thumb Code     0  libinit2.o(.ARM.Collect$$libinit$$0000000C)
    __rt_lib_shutdown                        0x00000197   Thumb Code     0  libshutdown.o(.ARM.Collect$$libshutdown$$00000000)
    __rt_lib_shutdown_cpp_1                  0x00000199   Thumb Code     0  libshutdown2.o(.ARM.Collect$$libshutdown$$00000004)
    __rt_lib_shutdown_fini_1                 0x00000199   Thumb Code     0  libshutdown2.o(.ARM.Collect$$libshutdown$$00000002)
    __rt_lib_shutdown_fp_trap_1              0x00000199   Thumb Code     0  libshutdown2.o(.ARM.Collect$$libshutdown$$00000009)
    __rt_lib_shutdown_heap_1                 0x00000199   Thumb Code     0  libshutdown2.o(.ARM.Collect$$libshutdown$$00000011)
    __rt_lib_shutdown_return                 0x00000199   Thumb Code     0  libshutdown2.o(.ARM.Collect$$libshutdown$$00000012)
    __rt_lib_shutdown_signal_1               0x00000199   Thumb Code     0  libshutdown2.o(.ARM.Collect$$libshutdown$$0000000C)
    __rt_lib_shutdown_stdio_1                0x00000199   Thumb Code     0  libshutdown2.o(.ARM.Collect$$libshutdown$$00000006)
    __rt_lib_shutdown_user_alloc_1           0x00000199   Thumb Code     0  libshutdown2.o(.ARM.Collect$$libshutdown$$0000000E)
    __rt_entry                               0x0000019b   Thumb Code     0  __rtentry.o(.ARM.Collect$$rtentry$$00000000)
    __rt_entry_presh_1                       0x0000019b   Thumb Code     0  __rtentry2.o(.ARM.Collect$$rtentry$$00000002)
    __rt_entry_sh                            0x0000019b   Thumb Code     0  __rtentry4.o(.ARM.Collect$$rtentry$$00000004)
    __rt_entry_li                            0x000001a1   Thumb Code     0  __rtentry2.o(.ARM.Collect$$rtentry$$0000000A)
    __rt_entry_postsh_1                      0x000001a1   Thumb Code     0  __rtentry2.o(.ARM.Collect$$rtentry$$00000009)
    __rt_entry_main                          0x000001a5   Thumb Code     0  __rtentry2.o(.ARM.Collect$$rtentry$$0000000D)
    __rt_entry_postli_1                      0x000001a5   Thumb Code     0  __rtentry2.o(.ARM.Collect$$rtentry$$0000000C)
    __rt_exit                                0x000001ad   Thumb Code     0  rtexit.o(.ARM.Collect$$rtexit$$00000000)
    __rt_exit_ls                             0x000001af   Thumb Code     0  rtexit2.o(.ARM.Collect$$rtexit$$00000003)
    __rt_exit_prels_1                        0x000001af   Thumb Code     0  rtexit2.o(.ARM.Collect$$rtexit$$00000002)
    __rt_exit_exit                           0x000001b3   Thumb Code     0  rtexit2.o(.ARM.Collect$$rtexit$$00000004)
    Reset_Handler                            0x000001b9   Thumb Code     4  startup_lpc17xx.o(.text)
    NMI_Handler                              0x000001bd   Thumb Code     2  startup_lpc17xx.o(.text)
    HardFault_Handler                        0x000001bf   Thumb Code     2  startup_lpc17xx.o(.text)
    MemManage_Handler                        0x000001c1   Thumb Code     2  startup_lpc17xx.o(.text)
    BusFault_Handler                         0x000001c3   Thumb Code     2  startup_lpc17xx.o(.text)
    UsageFault_Handler                       0x000001c5   Thumb Code     2  startup_lpc17xx.o(.text)
    SVC_Handler                              0x000001c7   Thumb Code     2  startup_lpc17xx.o(.text)
    DebugMon_Handler                         0x000001c9   Thumb Code     2  startup_lpc17xx.o(.text)
    PendSV_Handler                           0x000001cb   Thumb Code     2  startup_lpc17xx.o(.text)
    SysTick_Handler                          0x000001cd   Thumb Code     2  startup_lpc17xx.o(.text)
    BOD_IRQHandler                           0x000001cf   Thumb Code     0  startup_lpc17xx.o(.text)
    CANActivity_IRQHandler                   0x000001cf   Thumb Code     0  startup_lpc17xx.o(.text)
    CAN_IRQHandler                           0x000001cf   Thumb Code     0  startup_lpc17xx.o(.text)
    DMA_IRQHandler                           0x000001cf   Thumb Code     0  startup_lpc17xx.o(.text)
    EINT0_IRQHandler                         0x000001cf   Thumb Code     0  startup_lpc17xx.o(.text)
    EINT1_IRQHandler                         0x000001cf   Thumb Code     0  startup_lpc17xx.o(.text)
    EINT2_IRQHandler                         0x000001cf   Thumb Code     0  startup_lpc17xx.o(.text)
    EINT3_IRQHandler                         0x000001cf   Thumb Code     0  startup_lpc17xx.o(.text)
    ENET_IRQHandler                          0x000001cf   Thumb Code     0  startup_lpc17xx.o(.text)
    I2C0_IRQHandler                          0x000001cf   Thumb Code     0  startup_lpc17xx.o(.text)
    I2C1_IRQHandler                          0x000001cf   Thumb Code     0  startup_lpc17xx.o(.text)
    I2C2_IRQHandler                          0x000001cf   Thumb Code     0  startup_lpc17xx.o(.text)
    I2S_IRQHandler                           0x000001cf   Thumb Code     0  startup_lpc17xx.o(.text)
    MCPWM_IRQHandler                         0x000001cf   Thumb Code     0  startup_lpc17xx.o(.text)
    PLL0_IRQHandler                          0x000001cf   Thumb Code     0  startup_lpc17xx.o(.text)
    PLL1_IRQHandler                          0x000001cf   Thumb Code     0  startup_lpc17xx.o(.text)
    PWM1_IRQHandler                          0x000001cf   Thumb Code     0  startup_lpc17xx.o(.text)
    QEI_IRQHandler                           0x000001cf   Thumb Code     0  startup_lpc17xx.o(.text)
    RTC_IRQHandler                           0x000001cf   Thumb Code     0  startup_lpc17xx.o(.text)
    SPI_IRQHandler                           0x000001cf   Thumb Code     0  startup_lpc17xx.o(.text)
    SSP0_IRQHandler                          0x000001cf   Thumb Code     0  startup_lpc17xx.o(.text)
    SSP1_IRQHandler                          0x000001cf   Thumb Code     0  startup_lpc17xx.o(.text)
    UART0_IRQHandler                         0x000001cf   Thumb Code     0  startup_lpc17xx.o(.text)
    UART1_IRQHandler                         0x000001cf   Thumb Code     0  startup_lpc17xx.o(.text)
    UART2_IRQHandler                         0x000001cf   Thumb Code     0  startup_lpc17xx.o(.text)
    UART3_IRQHandler                         0x000001cf   Thumb Code     0  startup_lpc17xx.o(.text)
    USBActivity_IRQHandler                   0x000001cf   Thumb Code     0  startup_lpc17xx.o(.text)
    USB_IRQHandler                           0x000001cf   Thumb Code     0  startup_lpc17xx.o(.text)
    WDT_IRQHandler                           0x000001cf   Thumb Code     0  startup_lpc17xx.o(.text)
    __user_initial_stackheap                 0x000001d1   Thumb Code     0  startup_lpc17xx.o(.text)
    main                                     0x000001ed   Thumb Code   134  sample.o(.text)
    GetASCIICode                             0x000002a9   Thumb Code    14  asciilib.o(.text)
    joystick_init                            0x000002bd   Thumb Code    54  lib_joystick.o(.text)
    SystemInit                               0x00000301   Thumb Code   392  system_lpc17xx.o(.text)
    TIMER0_IRQHandler                        0x000004ad   Thumb Code    82  irq_timer.o(.text)
    TIMER1_IRQHandler                        0x000004ff   Thumb Code   448  irq_timer.o(.text)
    TIMER2_IRQHandler                        0x000006bf   Thumb Code    52  irq_timer.o(.text)
    TIMER3_IRQHandler                        0x000006f3   Thumb Code    16  irq_timer.o(.text)
    enable_timer                             0x00000761   Thumb Code    40  lib_timer.o(.text)
    disable_timer                            0x00000789   Thumb Code    40  lib_timer.o(.text)
    reset_timer                              0x000007b1   Thumb Code    62  lib_timer.o(.text)
    init_timer                               0x000007ef   Thumb Code   342  lib_timer.o(.text)
    delay_ms                                 0x00000de1   Thumb Code    28  glcd.o(.text)
    LCD_Initialization                       0x00000dfd   Thumb Code  6592  glcd.o(.text)
    LCD_Clear                                0x000027bd   Thumb Code  1066  glcd.o(.text)
    LCD_GetPoint                             0x00002bf9   Thumb Code   620  glcd.o(.text)
    LCD_SetPoint                             0x00002e65   Thumb Code   156  glcd.o(.text)
    LCD_DrawLine                             0x00002f01   Thumb Code   244  glcd.o(.text)
    PutChar                                  0x00002ff5   Thumb Code    90  glcd.o(.text)
    GUI_Text                                 0x0000304f   Thumb Code    70  glcd.o(.text)
    LCD_DrawSquare                           0x00003095   Thumb Code    50  glcd.o(.text)
    LCD_DrawFigure                           0x000030c7   Thumb Code  1306  glcd.o(.text)
    LCD_DrawButton                           0x000035e1   Thumb Code   112  glcd.o(.text)
    LCD_DrawRect                             0x00003651   Thumb Code    50  glcd.o(.text)
    LCD_DrawBattery                          0x00003683   Thumb Code   240  glcd.o(.text)
    LCD_DrawFood                             0x00003773   Thumb Code   192  glcd.o(.text)
    LCD_DrawCuddles                          0x00003833   Thumb Code   214  glcd.o(.text)
    LCD_DrawVolume                           0x00003909   Thumb Code   340  glcd.o(.text)
    LPC17xx_SPI_SetSpeed                     0x00003a65   Thumb Code    16  touchpanel.o(.text)
    TP_Init                                  0x00003acb   Thumb Code    20  touchpanel.o(.text)
    Read_X                                   0x00003b31   Thumb Code    34  touchpanel.o(.text)
    Read_Y                                   0x00003b53   Thumb Code    34  touchpanel.o(.text)
    TP_GetAdXY                               0x00003b75   Thumb Code    28  touchpanel.o(.text)
    TP_DrawPoint                             0x00003b91   Thumb Code     8  touchpanel.o(.text)
    DrawCross                                0x00003b99   Thumb Code   266  touchpanel.o(.text)
    DeleteCross                              0x00003ca3   Thumb Code   268  touchpanel.o(.text)
    Read_Ads7846                             0x00003daf   Thumb Code   436  touchpanel.o(.text)
    setCalibrationMatrix                     0x00003f63   Thumb Code   334  touchpanel.o(.text)
    getDisplayPoint                          0x000040b1   Thumb Code   176  touchpanel.o(.text)
    TouchPanel_Calibrate                     0x00004161   Thumb Code   112  touchpanel.o(.text)
    enable_RIT                               0x000041fd   Thumb Code    12  lib_rit.o(.text)
    disable_RIT                              0x00004209   Thumb Code    12  lib_rit.o(.text)
    reset_RIT                                0x00004215   Thumb Code     8  lib_rit.o(.text)
    init_RIT                                 0x0000421d   Thumb Code    58  lib_rit.o(.text)
    Resetter                                 0x00004261   Thumb Code   246  irq_rit.o(.text)
    Timer_funct                              0x00004357   Thumb Code   128  irq_rit.o(.text)
    RIT_IRQHandler                           0x000043d7   Thumb Code  2040  irq_rit.o(.text)
    ADC_IRQHandler                           0x00004c49   Thumb Code    72  irq_adc.o(.text)
    ADC_init                                 0x00004ca1   Thumb Code    42  lib_adc.o(.text)
    ADC_start_conversion                     0x00004ccb   Thumb Code    12  lib_adc.o(.text)
    PlayNote                                 0x00004ce9   Thumb Code    72  music.o(.text)
    PlaySong                                 0x00004d31   Thumb Code   158  music.o(.text)
    __2sprintf                               0x00004de5   Thumb Code    34  noretval__2sprintf.o(.text)
    _printf_pre_padding                      0x00004e0d   Thumb Code    44  _printf_pad.o(.text)
    _printf_post_padding                     0x00004e39   Thumb Code    34  _printf_pad.o(.text)
    _printf_int_dec                          0x00004e5d   Thumb Code   104  _printf_dec.o(.text)
    __printf                                 0x00004ed5   Thumb Code   308  __printf_flags_wp.o(.text)
    __aeabi_memcpy                           0x0000500d   Thumb Code     0  rt_memcpy_v6.o(.text)
    __rt_memcpy                              0x0000500d   Thumb Code   138  rt_memcpy_v6.o(.text)
    _memcpy_lastbytes                        0x00005073   Thumb Code     0  rt_memcpy_v6.o(.text)
    __aeabi_memclr4                          0x00005097   Thumb Code     0  rt_memclr_w.o(.text)
    __aeabi_memclr8                          0x00005097   Thumb Code     0  rt_memclr_w.o(.text)
    __rt_memclr_w                            0x00005097   Thumb Code    78  rt_memclr_w.o(.text)
    _memset_w                                0x0000509b   Thumb Code     0  rt_memclr_w.o(.text)
    __use_two_region_memory                  0x000050e5   Thumb Code     2  heapauxi.o(.text)
    __rt_heap_escrow$2region                 0x000050e7   Thumb Code     2  heapauxi.o(.text)
    __rt_heap_expand$2region                 0x000050e9   Thumb Code     2  heapauxi.o(.text)
    _printf_int_common                       0x000050eb   Thumb Code   178  _printf_intcommon.o(.text)
    _printf_char_common                      0x000051a7   Thumb Code    32  _printf_char_common.o(.text)
    _sputc                                   0x000051cd   Thumb Code    10  _sputc.o(.text)
    __aeabi_memcpy4                          0x000051d7   Thumb Code     0  rt_memcpy_w.o(.text)
    __aeabi_memcpy8                          0x000051d7   Thumb Code     0  rt_memcpy_w.o(.text)
    __rt_memcpy_w                            0x000051d7   Thumb Code   100  rt_memcpy_w.o(.text)
    _memcpy_lastbytes_aligned                0x0000521f   Thumb Code     0  rt_memcpy_w.o(.text)
    __user_setup_stackheap                   0x0000523b   Thumb Code    74  sys_stackheap_outer.o(.text)
    exit                                     0x00005285   Thumb Code    18  exit.o(.text)
    __user_libspace                          0x00005299   Thumb Code     8  libspace.o(.text)
    __user_perproc_libspace                  0x00005299   Thumb Code     0  libspace.o(.text)
    __user_perthread_libspace                0x00005299   Thumb Code     0  libspace.o(.text)
    _sys_exit                                0x000052a1   Thumb Code     8  sys_exit.o(.text)
    __I$use$semihosting                      0x000052ad   Thumb Code     0  use_no_semi.o(.text)
    __use_no_semihosting_swi                 0x000052ad   Thumb Code     2  use_no_semi.o(.text)
    __semihosting_library_function           0x000052af   Thumb Code     0  indicate_semi.o(.text)
    _is_digit                                0x000052af   Thumb Code    14  __printf_wp.o(i._is_digit)
    __aeabi_dadd                             0x000052bd   Thumb Code     0  daddsub_clz.o(x$fpl$dadd)
    _dadd                                    0x000052bd   Thumb Code   332  daddsub_clz.o(x$fpl$dadd)
    __fpl_dcmp_Inf                           0x0000540d   Thumb Code    24  dcmpi.o(x$fpl$dcmpinf)
    __aeabi_ddiv                             0x00005425   Thumb Code     0  ddiv.o(x$fpl$ddiv)
    _ddiv                                    0x00005425   Thumb Code   552  ddiv.o(x$fpl$ddiv)
    __aeabi_cdcmpeq                          0x000056d5   Thumb Code     0  deqf.o(x$fpl$deqf)
    _dcmpeq                                  0x000056d5   Thumb Code   120  deqf.o(x$fpl$deqf)
    __aeabi_d2uiz                            0x0000574d   Thumb Code     0  dfixu.o(x$fpl$dfixu)
    _dfixu                                   0x0000574d   Thumb Code    90  dfixu.o(x$fpl$dfixu)
    __aeabi_i2d                              0x000057a7   Thumb Code     0  dflt_clz.o(x$fpl$dflt)
    _dflt                                    0x000057a7   Thumb Code    46  dflt_clz.o(x$fpl$dflt)
    __aeabi_ui2d                             0x000057d5   Thumb Code     0  dflt_clz.o(x$fpl$dfltu)
    _dfltu                                   0x000057d5   Thumb Code    38  dflt_clz.o(x$fpl$dfltu)
    __aeabi_dmul                             0x000057fd   Thumb Code     0  dmul.o(x$fpl$dmul)
    _dmul                                    0x000057fd   Thumb Code   332  dmul.o(x$fpl$dmul)
    __fpl_dnaninf                            0x00005951   Thumb Code   156  dnaninf.o(x$fpl$dnaninf)
    __fpl_dretinf                            0x000059ed   Thumb Code    12  dretinf.o(x$fpl$dretinf)
    __aeabi_dsub                             0x000059f9   Thumb Code     0  daddsub_clz.o(x$fpl$dsub)
    _dsub                                    0x000059f9   Thumb Code   464  daddsub_clz.o(x$fpl$dsub)
    __I$use$fp                               0x00005bcc   Number         0  usenofp.o(x$fpl$usenofp)
    volumes                                  0x000061bc   Data          32  irq_adc.o(.constdata)
    Region$$Table$$Base                      0x000061f0   Number         0  anon$$obj.o(Region$$Table)
    Region$$Table$$Limit                     0x00006220   Number         0  anon$$obj.o(Region$$Table)
    ScaleFlag                                0x2007c000   Data           1  system_lpc17xx.o(.data)
    SystemFrequency                          0x2007c004   Data           4  system_lpc17xx.o(.data)
    cuddle_counter                           0x2007c010   Data           4  irq_timer.o(.data)
    volume_scaler                            0x2007c014   Data           4  irq_timer.o(.data)
    ticks                                    0x2007c018   Data           4  irq_timer.o(.data)
    SinTable                                 0x2007c198   Data          90  irq_timer.o(.data)
    DisplaySample                            0x2007c1f6   Data          12  touchpanel.o(.data)
    display                                  0x2007c202   Data           4  touchpanel.o(.data)
    secpassed                                0x2007c208   Data           1  irq_rit.o(.data)
    minpassed                                0x2007c209   Data           1  irq_rit.o(.data)
    hpassed                                  0x2007c20a   Data           1  irq_rit.o(.data)
    position                                 0x2007c214   Data           4  irq_rit.o(.data)
    timer_char_refr                          0x2007c218   Data           4  irq_rit.o(.data)
    reset                                    0x2007c21c   Data           4  irq_rit.o(.data)
    snack_level                              0x2007c220   Data           4  irq_rit.o(.data)
    meal_level                               0x2007c224   Data           4  irq_rit.o(.data)
    battery_counter                          0x2007c228   Data           4  irq_rit.o(.data)
    is_busy                                  0x2007c22c   Data           4  irq_rit.o(.data)
    busy_counter                             0x2007c230   Data           4  irq_rit.o(.data)
    timer_counter                            0x2007c234   Data           4  irq_rit.o(.data)
    getaway_counter                          0x2007c238   Data           4  irq_rit.o(.data)
    is_going                                 0x2007c23c   Data           4  irq_rit.o(.data)
    is_sad                                   0x2007c240   Data           4  irq_rit.o(.data)
    other_timer                              0x2007c244   Data           4  irq_rit.o(.data)
    songbg_counter                           0x2007c248   Data           4  irq_rit.o(.data)
    songsel_counter                          0x2007c24c   Data           4  irq_rit.o(.data)
    songeat_counter                          0x2007c250   Data           4  irq_rit.o(.data)
    songrun_counter                          0x2007c254   Data           4  irq_rit.o(.data)
    songcuddle_counter                       0x2007c258   Data           4  irq_rit.o(.data)
    is_playing                               0x2007c25c   Data           4  irq_rit.o(.data)
    i                                        0x2007c26c   Data           4  irq_rit.o(.data)
    AD_last                                  0x2007c614   Data           2  irq_adc.o(.data)
    AD_current                               0x2007c616   Data           2  irq_adc.o(.data)
    matrix                                   0x2007c618   Data          56  touchpanel.o(.bss)
    ScreenSample                             0x2007c650   Data          12  touchpanel.o(.bss)
    timestr                                  0x2007c65c   Data           9  irq_rit.o(.bss)
    __libspace_start                         0x2007c668   Data          96  libspace.o(.bss)
    __temporary_stack_top$libspace           0x2007c6c8   Data           0  libspace.o(.bss)



==============================================================================

Memory Map of the image

  Image Entry point : 0x000000cd

  Load Region LR_IROM1 (Base: 0x00000000, Size: 0x0000dbc8, Max: 0x00080000, ABSOLUTE, COMPRESSED[0x00006bec])

    Execution Region ER_IROM1 (Exec base: 0x00000000, Load base: 0x00000000, Size: 0x00006220, Max: 0x00080000, ABSOLUTE)

    Exec Addr    Load Addr    Size         Type   Attr      Idx    E Section Name        Object

    0x00000000   0x00000000   0x000000cc   Data   RO            3    RESET               startup_lpc17xx.o
    0x000000cc   0x000000cc   0x00000008   Code   RO          582  * !!!main             c_w.l(__main.o)
    0x000000d4   0x000000d4   0x00000034   Code   RO          785    !!!scatter          c_w.l(__scatter.o)
    0x00000108   0x00000108   0x00000064   Code   RO          783    !!dclz77c           c_w.l(__dclz77c.o)
    0x0000016c   0x0000016c   0x0000001c   Code   RO          787    !!handler_zi        c_w.l(__scatter_zi.o)
    0x00000188   0x00000188   0x00000000   Code   RO          575    .ARM.Collect$$_printf_percent$$00000000  c_w.l(_printf_percent.o)
    0x00000188   0x00000188   0x00000006   Code   RO          574    .ARM.Collect$$_printf_percent$$00000009  c_w.l(_printf_d.o)
    0x0000018e   0x0000018e   0x00000004   Code   RO          615    .ARM.Collect$$_printf_percent$$00000017  c_w.l(_printf_percent_end.o)
    0x00000192   0x00000192   0x00000002   Code   RO          651    .ARM.Collect$$libinit$$00000000  c_w.l(libinit.o)
    0x00000194   0x00000194   0x00000000   Code   RO          658    .ARM.Collect$$libinit$$00000002  c_w.l(libinit2.o)
    0x00000194   0x00000194   0x00000000   Code   RO          660    .ARM.Collect$$libinit$$00000004  c_w.l(libinit2.o)
    0x00000194   0x00000194   0x00000000   Code   RO          663    .ARM.Collect$$libinit$$0000000A  c_w.l(libinit2.o)
    0x00000194   0x00000194   0x00000000   Code   RO          665    .ARM.Collect$$libinit$$0000000C  c_w.l(libinit2.o)
    0x00000194   0x00000194   0x00000000   Code   RO          667    .ARM.Collect$$libinit$$0000000E  c_w.l(libinit2.o)
    0x00000194   0x00000194   0x00000000   Code   RO          670    .ARM.Collect$$libinit$$00000011  c_w.l(libinit2.o)
    0x00000194   0x00000194   0x00000000   Code   RO          672    .ARM.Collect$$libinit$$00000013  c_w.l(libinit2.o)
    0x00000194   0x00000194   0x00000000   Code   RO          674    .ARM.Collect$$libinit$$00000015  c_w.l(libinit2.o)
    0x00000194   0x00000194   0x00000000   Code   RO          676    .ARM.Collect$$libinit$$00000017  c_w.l(libinit2.o)
    0x00000194   0x00000194   0x00000000   Code   RO          678    .ARM.Collect$$libinit$$00000019  c_w.l(libinit2.o)
    0x00000194   0x00000194   0x00000000   Code   RO          680    .ARM.Collect$$libinit$$0000001B  c_w.l(libinit2.o)
    0x00000194   0x00000194   0x00000000   Code   RO          682    .ARM.Collect$$libinit$$0000001D  c_w.l(libinit2.o)
    0x00000194   0x00000194   0x00000000   Code   RO          684    .ARM.Collect$$libinit$$0000001F  c_w.l(libinit2.o)
    0x00000194   0x00000194   0x00000000   Code   RO          686    .ARM.Collect$$libinit$$00000021  c_w.l(libinit2.o)
    0x00000194   0x00000194   0x00000000   Code   RO          688    .ARM.Collect$$libinit$$00000023  c_w.l(libinit2.o)
    0x00000194   0x00000194   0x00000000   Code   RO          690    .ARM.Collect$$libinit$$00000025  c_w.l(libinit2.o)
    0x00000194   0x00000194   0x00000000   Code   RO          694    .ARM.Collect$$libinit$$0000002C  c_w.l(libinit2.o)
    0x00000194   0x00000194   0x00000000   Code   RO          696    .ARM.Collect$$libinit$$0000002E  c_w.l(libinit2.o)
    0x00000194   0x00000194   0x00000000   Code   RO          698    .ARM.Collect$$libinit$$00000030  c_w.l(libinit2.o)
    0x00000194   0x00000194   0x00000000   Code   RO          700    .ARM.Collect$$libinit$$00000032  c_w.l(libinit2.o)
    0x00000194   0x00000194   0x00000002   Code   RO          701    .ARM.Collect$$libinit$$00000033  c_w.l(libinit2.o)
    0x00000196   0x00000196   0x00000002   Code   RO          721    .ARM.Collect$$libshutdown$$00000000  c_w.l(libshutdown.o)
    0x00000198   0x00000198   0x00000000   Code   RO          734    .ARM.Collect$$libshutdown$$00000002  c_w.l(libshutdown2.o)
    0x00000198   0x00000198   0x00000000   Code   RO          736    .ARM.Collect$$libshutdown$$00000004  c_w.l(libshutdown2.o)
    0x00000198   0x00000198   0x00000000   Code   RO          738    .ARM.Collect$$libshutdown$$00000006  c_w.l(libshutdown2.o)
    0x00000198   0x00000198   0x00000000   Code   RO          741    .ARM.Collect$$libshutdown$$00000009  c_w.l(libshutdown2.o)
    0x00000198   0x00000198   0x00000000   Code   RO          744    .ARM.Collect$$libshutdown$$0000000C  c_w.l(libshutdown2.o)
    0x00000198   0x00000198   0x00000000   Code   RO          746    .ARM.Collect$$libshutdown$$0000000E  c_w.l(libshutdown2.o)
    0x00000198   0x00000198   0x00000000   Code   RO          749    .ARM.Collect$$libshutdown$$00000011  c_w.l(libshutdown2.o)
    0x00000198   0x00000198   0x00000002   Code   RO          750    .ARM.Collect$$libshutdown$$00000012  c_w.l(libshutdown2.o)
    0x0000019a   0x0000019a   0x00000000   Code   RO          608    .ARM.Collect$$rtentry$$00000000  c_w.l(__rtentry.o)
    0x0000019a   0x0000019a   0x00000000   Code   RO          626    .ARM.Collect$$rtentry$$00000002  c_w.l(__rtentry2.o)
    0x0000019a   0x0000019a   0x00000006   Code   RO          638    .ARM.Collect$$rtentry$$00000004  c_w.l(__rtentry4.o)
    0x000001a0   0x000001a0   0x00000000   Code   RO          628    .ARM.Collect$$rtentry$$00000009  c_w.l(__rtentry2.o)
    0x000001a0   0x000001a0   0x00000004   Code   RO          629    .ARM.Collect$$rtentry$$0000000A  c_w.l(__rtentry2.o)
    0x000001a4   0x000001a4   0x00000000   Code   RO          631    .ARM.Collect$$rtentry$$0000000C  c_w.l(__rtentry2.o)
    0x000001a4   0x000001a4   0x00000008   Code   RO          632    .ARM.Collect$$rtentry$$0000000D  c_w.l(__rtentry2.o)
    0x000001ac   0x000001ac   0x00000002   Code   RO          655    .ARM.Collect$$rtexit$$00000000  c_w.l(rtexit.o)
    0x000001ae   0x000001ae   0x00000000   Code   RO          703    .ARM.Collect$$rtexit$$00000002  c_w.l(rtexit2.o)
    0x000001ae   0x000001ae   0x00000004   Code   RO          704    .ARM.Collect$$rtexit$$00000003  c_w.l(rtexit2.o)
    0x000001b2   0x000001b2   0x00000006   Code   RO          705    .ARM.Collect$$rtexit$$00000004  c_w.l(rtexit2.o)
    0x000001b8   0x000001b8   0x00000034   Code   RO            5    .text               startup_lpc17xx.o
    0x000001ec   0x000001ec   0x000000bc   Code   RO           16    .text               sample.o
    0x000002a8   0x000002a8   0x00000014   Code   RO          211    .text               asciilib.o
    0x000002bc   0x000002bc   0x00000040   Code   RO          339    .text               lib_joystick.o
    0x000002fc   0x000002fc   0x00000004   Code   RO            4    .ARM.__at_0x02FC    startup_lpc17xx.o
    0x00000300   0x00000300   0x000001ac   Code   RO           97    .text               system_lpc17xx.o
    0x000004ac   0x000004ac   0x000002b4   Code   RO          128    .text               irq_timer.o
    0x00000760   0x00000760   0x0000022c   Code   RO          186    .text               lib_timer.o
    0x0000098c   0x0000098c   0x000030d8   Code   RO          231    .text               glcd.o
    0x00003a64   0x00003a64   0x00000798   Code   RO          280    .text               touchpanel.o
    0x000041fc   0x000041fc   0x00000064   Code   RO          363    .text               lib_rit.o
    0x00004260   0x00004260   0x000009e8   Code   RO          394    .text               irq_rit.o
    0x00004c48   0x00004c48   0x00000058   Code   RO          442    .text               irq_adc.o
    0x00004ca0   0x00004ca0   0x00000048   Code   RO          484    .text               lib_adc.o
    0x00004ce8   0x00004ce8   0x000000fc   Code   RO          508    .text               music.o
    0x00004de4   0x00004de4   0x00000028   Code   RO          546    .text               c_w.l(noretval__2sprintf.o)
    0x00004e0c   0x00004e0c   0x0000004e   Code   RO          550    .text               c_w.l(_printf_pad.o)
    0x00004e5a   0x00004e5a   0x00000002   PAD
    0x00004e5c   0x00004e5c   0x00000078   Code   RO          552    .text               c_w.l(_printf_dec.o)
    0x00004ed4   0x00004ed4   0x00000138   Code   RO          566    .text               c_w.l(__printf_flags_wp.o)
    0x0000500c   0x0000500c   0x0000008a   Code   RO          576    .text               c_w.l(rt_memcpy_v6.o)
    0x00005096   0x00005096   0x0000004e   Code   RO          578    .text               c_w.l(rt_memclr_w.o)
    0x000050e4   0x000050e4   0x00000006   Code   RO          580    .text               c_w.l(heapauxi.o)
    0x000050ea   0x000050ea   0x000000b2   Code   RO          609    .text               c_w.l(_printf_intcommon.o)
    0x0000519c   0x0000519c   0x00000030   Code   RO          611    .text               c_w.l(_printf_char_common.o)
    0x000051cc   0x000051cc   0x0000000a   Code   RO          613    .text               c_w.l(_sputc.o)
    0x000051d6   0x000051d6   0x00000064   Code   RO          616    .text               c_w.l(rt_memcpy_w.o)
    0x0000523a   0x0000523a   0x0000004a   Code   RO          642    .text               c_w.l(sys_stackheap_outer.o)
    0x00005284   0x00005284   0x00000012   Code   RO          644    .text               c_w.l(exit.o)
    0x00005296   0x00005296   0x00000002   PAD
    0x00005298   0x00005298   0x00000008   Code   RO          652    .text               c_w.l(libspace.o)
    0x000052a0   0x000052a0   0x0000000c   Code   RO          713    .text               c_w.l(sys_exit.o)
    0x000052ac   0x000052ac   0x00000002   Code   RO          724    .text               c_w.l(use_no_semi.o)
    0x000052ae   0x000052ae   0x00000000   Code   RO          726    .text               c_w.l(indicate_semi.o)
    0x000052ae   0x000052ae   0x0000000e   Code   RO          564    i._is_digit         c_w.l(__printf_wp.o)
    0x000052bc   0x000052bc   0x00000150   Code   RO          584    x$fpl$dadd          fz_ws.l(daddsub_clz.o)
    0x0000540c   0x0000540c   0x00000018   Code   RO          618    x$fpl$dcmpinf       fz_ws.l(dcmpi.o)
    0x00005424   0x00005424   0x000002b0   Code   RO          591    x$fpl$ddiv          fz_ws.l(ddiv.o)
    0x000056d4   0x000056d4   0x00000078   Code   RO          594    x$fpl$deqf          fz_ws.l(deqf.o)
    0x0000574c   0x0000574c   0x0000005a   Code   RO          596    x$fpl$dfixu         fz_ws.l(dfixu.o)
    0x000057a6   0x000057a6   0x0000002e   Code   RO          601    x$fpl$dflt          fz_ws.l(dflt_clz.o)
    0x000057d4   0x000057d4   0x00000026   Code   RO          600    x$fpl$dfltu         fz_ws.l(dflt_clz.o)
    0x000057fa   0x000057fa   0x00000002   PAD
    0x000057fc   0x000057fc   0x00000154   Code   RO          606    x$fpl$dmul          fz_ws.l(dmul.o)
    0x00005950   0x00005950   0x0000009c   Code   RO          620    x$fpl$dnaninf       fz_ws.l(dnaninf.o)
    0x000059ec   0x000059ec   0x0000000c   Code   RO          622    x$fpl$dretinf       fz_ws.l(dretinf.o)
    0x000059f8   0x000059f8   0x000001d4   Code   RO          586    x$fpl$dsub          fz_ws.l(daddsub_clz.o)
    0x00005bcc   0x00005bcc   0x00000000   Code   RO          624    x$fpl$usenofp       fz_ws.l(usenofp.o)
    0x00005bcc   0x00005bcc   0x000005f0   Data   RO          212    .constdata          asciilib.o
    0x000061bc   0x000061bc   0x00000020   Data   RO          444    .constdata          irq_adc.o
    0x000061dc   0x000061dc   0x00000011   Data   RO          567    .constdata          c_w.l(__printf_flags_wp.o)
    0x000061ed   0x000061ed   0x00000003   PAD
    0x000061f0   0x000061f0   0x00000030   Data   RO          781    Region$$Table       anon$$obj.o


    Execution Region RW_IRAM1 (Exec base: 0x10000000, Load base: 0x00006220, Size: 0x00007390, Max: 0x00008000, ABSOLUTE, COMPRESSED[0x00000888])

    Exec Addr    Load Addr    Size         Type   Attr      Idx    E Section Name        Object

    0x10000000   COMPRESSED   0x0000738e   Data   RW          232    .data               glcd.o


    Execution Region RW_IRAM2 (Exec base: 0x2007c000, Load base: 0x00006aa8, Size: 0x000008c8, Max: 0x00008000, ABSOLUTE, COMPRESSED[0x00000144])

    Exec Addr    Load Addr    Size         Type   Attr      Idx    E Section Name        Object

    0x2007c000   COMPRESSED   0x00000008   Data   RW           98    .data               system_lpc17xx.o
    0x2007c008   COMPRESSED   0x000001ea   Data   RW          129    .data               irq_timer.o
    0x2007c1f2   COMPRESSED   0x00000010   Data   RW          282    .data               touchpanel.o
    0x2007c202   COMPRESSED   0x00000004   Data   RW          283    .data               touchpanel.o
    0x2007c206   COMPRESSED   0x00000002   PAD
    0x2007c208   COMPRESSED   0x0000040c   Data   RW          396    .data               irq_rit.o
    0x2007c614   COMPRESSED   0x00000004   Data   RW          445    .data               irq_adc.o
    0x2007c618        -       0x00000044   Zero   RW          281    .bss                touchpanel.o
    0x2007c65c        -       0x00000009   Zero   RW          395    .bss                irq_rit.o
    0x2007c665   COMPRESSED   0x00000003   PAD
    0x2007c668        -       0x00000060   Zero   RW          653    .bss                c_w.l(libspace.o)
    0x2007c6c8        -       0x00000000   Zero   RW            2    HEAP                startup_lpc17xx.o
    0x2007c6c8        -       0x00000200   Zero   RW            1    STACK               startup_lpc17xx.o


==============================================================================

Image component sizes


      Code (inc. data)   RO Data    RW Data    ZI Data      Debug   Object Name

        20          6       1520          0          0       1183   asciilib.o
     12504        218          0      29582          0      41178   glcd.o
        88         16         32          4          0       1532   irq_adc.o
      2536        270          0       1036          9       7745   irq_rit.o
       692         94          0        490          0      23340   irq_timer.o
        72         18          0          0          0        716   lib_adc.o
        64         10          0          0          0        512   lib_joystick.o
       100         10          0          0          0      27475   lib_rit.o
       556         14          0          0          0      28815   lib_timer.o
       252         28          0          0          0       2678   music.o
       188         22          0          0          0      48682   sample.o
        56         22        204          0        512       1144   startup_lpc17xx.o
       428         36          0          8          0       1041   system_lpc17xx.o
      1944         60          0         20         68       6486   touchpanel.o

    ----------------------------------------------------------------------
     19500        824       1804      31144        592     192527   Object Totals
         0          0         48          0          0          0   (incl. Generated)
         0          0          0          4          3          0   (incl. Padding)

    ----------------------------------------------------------------------

      Code (inc. data)   RO Data    RW Data    ZI Data      Debug   Library Member Name

       100          0          0          0          0          0   __dclz77c.o
         8          0          0          0          0         68   __main.o
       312          4         17          0          0         92   __printf_flags_wp.o
        14          0          0          0          0         68   __printf_wp.o
         0          0          0          0          0          0   __rtentry.o
        12          0          0          0          0          0   __rtentry2.o
         6          0          0          0          0          0   __rtentry4.o
        52          8          0          0          0          0   __scatter.o
        28          0          0          0          0          0   __scatter_zi.o
        48          6          0          0          0         96   _printf_char_common.o
         6          0          0          0          0          0   _printf_d.o
       120         16          0          0          0         92   _printf_dec.o
       178          0          0          0          0         88   _printf_intcommon.o
        78          0          0          0          0        108   _printf_pad.o
         0          0          0          0          0          0   _printf_percent.o
         4          0          0          0          0          0   _printf_percent_end.o
        10          0          0          0          0         68   _sputc.o
        18          0          0          0          0         80   exit.o
         6          0          0          0          0        152   heapauxi.o
         0          0          0          0          0          0   indicate_semi.o
         2          0          0          0          0          0   libinit.o
         2          0          0          0          0          0   libinit2.o
         2          0          0          0          0          0   libshutdown.o
         2          0          0          0          0          0   libshutdown2.o
         8          4          0          0         96         68   libspace.o
        40          6          0          0          0         84   noretval__2sprintf.o
        78          0          0          0          0         80   rt_memclr_w.o
       138          0          0          0          0         68   rt_memcpy_v6.o
       100          0          0          0          0         80   rt_memcpy_w.o
         2          0          0          0          0          0   rtexit.o
        10          0          0          0          0          0   rtexit2.o
        12          4          0          0          0         68   sys_exit.o
        74          0          0          0          0         80   sys_stackheap_outer.o
         2          0          0          0          0         68   use_no_semi.o
       804         16          0          0          0        272   daddsub_clz.o
        24          0          0          0          0         68   dcmpi.o
       688        140          0          0          0        208   ddiv.o
       120          4          0          0          0         92   deqf.o
        90          4          0          0          0         92   dfixu.o
        84          0          0          0          0        136   dflt_clz.o
       340         12          0          0          0        104   dmul.o
       156          4          0          0          0         92   dnaninf.o
        12          0          0          0          0         68   dretinf.o
         0          0          0          0          0          0   usenofp.o

    ----------------------------------------------------------------------
      3796        228         20          0         96       2640   Library Totals
         6          0          3          0          0          0   (incl. Padding)

    ----------------------------------------------------------------------

      Code (inc. data)   RO Data    RW Data    ZI Data      Debug   Library Name

      1472         48         17          0         96       1508   c_w.l
      2318        180          0          0          0       1132   fz_ws.l

    ----------------------------------------------------------------------
      3796        228         20          0         96       2640   Library Totals

    ----------------------------------------------------------------------

==============================================================================


      Code (inc. data)   RO Data    RW Data    ZI Data      Debug   

     23296       1052       1824      31144        688     193135   Grand Totals
     23296       1052       1824       2508        688     193135   ELF Image Totals (compressed)
     23296       1052       1824       2508          0          0   ROM Totals

==============================================================================

    Total RO  Size (Code + RO Data)                25120 (  24.53kB)
    Total RW  Size (RW Data + ZI Data)             31832 (  31.09kB)
    Total ROM Size (Code + RO Data + RW Data)      27628 (  26.98kB)

==============================================================================

